2020-12-11 14:55:12.959 16266-28752/com.skt.eaa.assistant D/SeamlessFocusManager: [onFocusChanged] currentForegroundFocusInterfaceName: FocusHolder
2020-12-11 14:55:12.960 16266-22627/com.skt.eaa.assistant D/DirectiveProcessor: [handleQueuedDirectivesLocked] handlingQueue size : 2
2020-12-11 14:55:12.960 16266-22632/com.skt.eaa.assistant D/DirectiveSequencer: [receiveDirective]
2020-12-11 14:55:12.960 16266-28752/com.skt.eaa.assistant D/AndAudioFocusInteractor: [acquire] focusOwner: FocusHolder
2020-12-11 14:55:12.960 16266-22627/com.skt.eaa.assistant D/DirectiveProcessor: [getNextUnblockedDirectiveLocked] block mediums : {0e49a8501a015cef3d782d5a902dbe8f={AUDIO=true}}
2020-12-11 14:55:12.960 16266-22282/com.skt.eaa.assistant D/NUGUauto::DebugLogManager: readLog() : java.io.FileNotFoundException: /storage/emulated/0/NUGUauto/2020-12-11_log.txt: open failed: ENOENT (No such file or directory)
2020-12-11 14:55:12.960 16266-28752/com.skt.eaa.assistant D/FocusManager_Audio: [releaseChannelHelper] Channel(name=UserDialog, priority=Priority(acquire=100, release=200)), ASR
2020-12-11 14:55:12.960 16266-22627/com.skt.eaa.assistant D/NUGUauto::NuguClientManager: directiveHandlingListener.onRequested(directive:Directive(attachmentManager=com.skt.nugu.sdk.core.attachment.AttachmentManager@7b3b708, header=Header(dialogRequestId=0e49a8501a015cef3d782d5a902dbe8f, messageId=0e49a85e1301e41921e5938b801a1d58, name=Set, namespace=Session, version=1.0, referrerDialogRequestId=), payload={"playStackControl":{"type":"PUSH","playServiceId":"nugu.builtin.auto.message"},"sessionId":"1607666112926d4756b0fdb2d47b6bc760f39ab941f30","playServiceId":"nugu.builtin.auto.message"}))
2020-12-11 14:55:12.960 16266-28752/com.skt.eaa.assistant D/FocusManager_Audio: [removeActiveChannel] remove:ActiveChannel(channel=Channel(name=UserDialog, priority=Priority(acquire=100, release=200)), activatedIndex=109)
2020-12-11 14:55:12.960 16266-28752/com.skt.eaa.assistant D/Channel: [setFocus] focus: NONE, State(name=UserDialog, focusState=BACKGROUND, interfaceName=ASR)
2020-12-11 14:55:12.960 16266-28752/com.skt.eaa.assistant D/DefaultASRAgent: [onFocusChanged] start NONE
2020-12-11 14:55:12.961 16266-22627/com.skt.eaa.assistant D/SetDirectiveHandler: [preHandleDirective] DirectiveInfoImpl(directive=Directive(attachmentManager=com.skt.nugu.sdk.core.attachment.AttachmentManager@7b3b708, header=Header(dialogRequestId=0e49a8501a015cef3d782d5a902dbe8f, messageId=0e49a85e1301e41921e5938b801a1d58, name=Set, namespace=Session, version=1.0, referrerDialogRequestId=), payload={"playStackControl":{"type":"PUSH","playServiceId":"nugu.builtin.auto.message"},"sessionId":"1607666112926d4756b0fdb2d47b6bc760f39ab941f30","playServiceId":"nugu.builtin.auto.message"}), result=com.skt.nugu.sdk.agent.AbstractDirectiveHandler$preHandleDirective$info$1@51098d3)
2020-12-11 14:55:12.961 16266-22627/com.skt.eaa.assistant D/DirectiveProcessor: [onHandlingCompleted] messageId: 0e49a85e1301e41921e5938b801a1d58
2020-12-11 14:55:12.961 16266-28748/com.skt.eaa.assistant D/SessionAgent: [set] SetDirective(header=Header(dialogRequestId=0e49a8501a015cef3d782d5a902dbe8f, messageId=0e49a85e1301e41921e5938b801a1d58, name=Set, namespace=Session, version=1.0, referrerDialogRequestId=), payload=Payload(playServiceId=nugu.builtin.auto.message, sessionId=1607666112926d4756b0fdb2d47b6bc760f39ab941f30))
2020-12-11 14:55:12.962 16266-28748/com.skt.eaa.assistant D/SessionManager: [set] key: 0e49a8501a015cef3d782d5a902dbe8f, session: Session(sessionId=1607666112926d4756b0fdb2d47b6bc760f39ab941f30, playServiceId=nugu.builtin.auto.message)
2020-12-11 14:55:12.962 16266-22627/com.skt.eaa.assistant D/DirectiveProcessor: [getNextUnblockedDirectiveLocked] block mediums : {0e49a8501a015cef3d782d5a902dbe8f={AUDIO=true}}
2020-12-11 14:55:12.962 16266-22627/com.skt.eaa.assistant D/DirectiveProcessor: [handleQueuedDirectivesLocked] all queued directives are blocked {0e49a8501a015cef3d782d5a902dbe8f={AUDIO=Directive(attachmentManager=com.skt.nugu.sdk.core.attachment.AttachmentManager@7b3b708, header=Header(dialogRequestId=0e49a8501a015cef3d782d5a902dbe8f, messageId=0e49a85e1301e41921e5938ba5e527e5, name=Speak, namespace=TTS, version=1.0, referrerDialogRequestId=), payload={"playStackControl":{"type":"PUSH","playServiceId":"nugu.builtin.auto.message"},"charge":"FREE","format":"skml","text":"<skml domain=\"im\" cate=\"NUGU_Message_2\" voice=\"aria\" speed=\"100\" pause1=\"600\" pause2=\"300\">누구에게 메시지를 보낼까요?</skml>","playServiceId":"nugu.builtin.auto.message","token":"2020121114d8538272ea61482fbd6dd87cb4e19ca2"})}}
2020-12-11 14:55:12.962 16266-22627/com.skt.eaa.assistant D/DirectiveProcessor: [processCancelingQueueLocked] cancelingQueue size : 0
2020-12-11 14:55:12.962 16266-22627/com.skt.eaa.assistant D/DirectiveProcessor: [handleQueuedDirectivesLocked] handlingQueue size : 1
2020-12-11 14:55:12.962 16266-22627/com.skt.eaa.assistant D/DirectiveProcessor: [getNextUnblockedDirectiveLocked] block mediums : {0e49a8501a015cef3d782d5a902dbe8f={AUDIO=true}}
2020-12-11 14:55:12.962 16266-22627/com.skt.eaa.assistant D/DirectiveProcessor: [handleQueuedDirectivesLocked] all queued directives are blocked {0e49a8501a015cef3d782d5a902dbe8f={AUDIO=Directive(attachmentManager=com.skt.nugu.sdk.core.attachment.AttachmentManager@7b3b708, header=Header(dialogRequestId=0e49a8501a015cef3d782d5a902dbe8f, messageId=0e49a85e1301e41921e5938ba5e527e5, name=Speak, namespace=TTS, version=1.0, referrerDialogRequestId=), payload={"playStackControl":{"type":"PUSH","playServiceId":"nugu.builtin.auto.message"},"charge":"FREE","format":"skml","text":"<skml domain=\"im\" cate=\"NUGU_Message_2\" voice=\"aria\" speed=\"100\" pause1=\"600\" pause2=\"300\">누구에게 메시지를 보낼까요?</skml>","playServiceId":"nugu.builtin.auto.message","token":"2020121114d8538272ea61482fbd6dd87cb4e19ca2"})}}
2020-12-11 14:55:12.963 16266-22627/com.skt.eaa.assistant D/DirectiveProcessor: [processCancelingQueueLocked] cancelingQueue size : 0
2020-12-11 14:55:12.963 16266-22627/com.skt.eaa.assistant D/DirectiveProcessor: [handleQueuedDirectivesLocked] handlingQueue size : 1
2020-12-11 14:55:12.963 16266-22627/com.skt.eaa.assistant D/DirectiveProcessor: [getNextUnblockedDirectiveLocked] block mediums : {0e49a8501a015cef3d782d5a902dbe8f={AUDIO=true}}
2020-12-11 14:55:12.963 16266-22627/com.skt.eaa.assistant D/DirectiveProcessor: [handleQueuedDirectivesLocked] all queued directives are blocked {0e49a8501a015cef3d782d5a902dbe8f={AUDIO=Directive(attachmentManager=com.skt.nugu.sdk.core.attachment.AttachmentManager@7b3b708, header=Header(dialogRequestId=0e49a8501a015cef3d782d5a902dbe8f, messageId=0e49a85e1301e41921e5938ba5e527e5, name=Speak, namespace=TTS, version=1.0, referrerDialogRequestId=), payload={"playStackControl":{"type":"PUSH","playServiceId":"nugu.builtin.auto.message"},"charge":"FREE","format":"skml","text":"<skml domain=\"im\" cate=\"NUGU_Message_2\" voice=\"aria\" speed=\"100\" pause1=\"600\" pause2=\"300\">누구에게 메시지를 보낼까요?</skml>","playServiceId":"nugu.builtin.auto.message","token":"2020121114d8538272ea61482fbd6dd87cb4e19ca2"})}}
2020-12-11 14:55:12.963 16266-22816/com.skt.eaa.assistant D/DefaultASRAgent: [executeOnFocusChanged] newFocus: NONE
2020-12-11 14:55:12.964 16266-22282/com.skt.eaa.assistant D/NUGUauto::DebugLogManager: writeCachedLog() : java.io.FileNotFoundException: /storage/emulated/0/NUGUauto/2020-12-11_log.txt: open failed: ENOENT (No such file or directory)
2020-12-11 14:55:12.965 16266-16266/com.skt.eaa.assistant D/AndAudioFocusInteractor: [requestAudioFocus] result: 1
2020-12-11 14:55:12.965 16266-16266/com.skt.eaa.assistant D/FocusManager_Audio: [releaseChannel] Interaction
2020-12-11 14:55:12.965 16266-16266/com.skt.eaa.assistant D/AndAudioFocusInteractor: [acquire] requestAudioFocus
2020-12-11 14:55:12.965 16266-16266/com.skt.eaa.assistant D/NUGUauto::NuguClientManager: directiveHandlingListener.onCompleted(
    header: {
      "dialogRequestId": "0e49a8501a015cef3d782d5a902dbe8f",
      "messageId": "0e49a85e1301e41921e5938b801a1d58",
      "name": "Set",
      "namespace": "Session",
      "referrerDialogRequestId": "",
      "version": "1.0"
    }
    payload: {
      "playStackControl": {
        "type": "PUSH",
        "playServiceId": "nugu.builtin.auto.message"
      },
      "sessionId": "1607666112926d4756b0fdb2d47b6bc760f39ab941f30",
      "playServiceId": "nugu.builtin.auto.message"
    })
2020-12-11 14:55:12.966 16266-28752/com.skt.eaa.assistant D/DefaultASRAgent: [onFocusChanged] end NONE
2020-12-11 14:55:12.966 16266-28752/com.skt.eaa.assistant D/SeamlessFocusManager: [onFocusChanged] currentForegroundFocusInterfaceName: FocusHolder
2020-12-11 14:55:12.966 16266-28752/com.skt.eaa.assistant D/AndAudioFocusInteractor: [release] focusOwner: ASR
2020-12-11 14:55:12.966 16266-28752/com.skt.eaa.assistant D/FocusManager_Audio: [acquireChannelHelper] Channel(name=Interaction, priority=Priority(acquire=10, release=10000)), FocusHolder, foreground: Interaction
2020-12-11 14:55:12.966 16266-28752/com.skt.eaa.assistant D/FocusManager_Audio: [acquireChannelHelper] already active channel: Channel(name=Interaction, priority=Priority(acquire=10, release=10000))
2020-12-11 14:55:12.967 16266-28752/com.skt.eaa.assistant D/Channel: [setFocus] focus: FOREGROUND, State(name=Interaction, focusState=FOREGROUND, interfaceName=FocusHolder)
2020-12-11 14:55:12.967 16266-28752/com.skt.eaa.assistant D/FocusManager_Audio: [setChannelFocus] Channel(name=Interaction, priority=Priority(acquire=10, release=10000)), FOREGROUND
2020-12-11 14:55:12.967 16266-28752/com.skt.eaa.assistant D/FocusManager_Audio: [releaseChannelHelper] Channel(name=InternalDialog, priority=Priority(acquire=400, release=300)), ASR
2020-12-11 14:55:12.967 16266-28752/com.skt.eaa.assistant D/FocusManager_Audio: [releaseChannelHelper] not matched current observer
2020-12-11 14:55:12.967 16266-28752/com.skt.eaa.assistant D/Channel: [setFocus] focus: NONE, State(name=Dialog, focusState=NONE, interfaceName=TTS-0e49a7dfe601e41921e5938bf1e46019)
2020-12-11 14:55:12.967 16266-28752/com.skt.eaa.assistant D/FocusManager_Audio: [setChannelFocus] Channel(name=Dialog, priority=Priority(acquire=200, release=300)), NONE
2020-12-11 14:55:12.967 16266-28752/com.skt.eaa.assistant D/FocusManager_Audio: [acquireChannelHelper] Channel(name=Dialog, priority=Priority(acquire=200, release=300)), TTS-0e49a85e1301e41921e5938ba5e527e5, foreground: Interaction
2020-12-11 14:55:12.968 16266-28752/com.skt.eaa.assistant D/FocusManager_Audio: [acquireChannelHelper] create & added at active: ActiveChannel(channel=Channel(name=Dialog, priority=Priority(acquire=200, release=300)), activatedIndex=113)
2020-12-11 14:55:12.969 16266-28752/com.skt.eaa.assistant D/FocusManager_Audio: [ActiveChannel(channel=Channel(name=ASRBeep, priority=Priority(acquire=500, release=400)), activatedIndex=111), ActiveChannel(channel=Channel(name=Dialog, priority=Priority(acquire=200, release=300)), activatedIndex=113), ActiveChannel(channel=Channel(name=Interaction, priority=Priority(acquire=10, release=10000)), activatedIndex=112)]
2020-12-11 14:55:12.969 16266-28752/com.skt.eaa.assistant D/Channel: [setFocus] focus: BACKGROUND, State(name=Interaction, focusState=FOREGROUND, interfaceName=FocusHolder)
2020-12-11 14:55:12.969 16266-28752/com.skt.eaa.assistant D/SeamlessFocusManager: [onFocusChanged] newFocus: BACKGROUND
2020-12-11 14:55:12.969 16266-28752/com.skt.eaa.assistant D/FocusManager_Audio: [releaseChannel] Interaction
2020-12-11 14:55:12.969 16266-28752/com.skt.eaa.assistant D/SeamlessFocusManager: [onFocusChanged] currentForegroundFocusInterfaceName: null
2020-12-11 14:55:12.969 16266-28752/com.skt.eaa.assistant D/Channel: [setFocus] focus: FOREGROUND, State(name=Dialog, focusState=NONE, interfaceName=TTS-0e49a85e1301e41921e5938ba5e527e5)
2020-12-11 14:55:12.969 16266-28752/com.skt.eaa.assistant D/DefaultTTSAgent: [onFocusChanged] newFocus: FOREGROUND
2020-12-11 14:55:12.970 16266-22803/com.skt.eaa.assistant D/InterLayerDisplayPolicyManager: [onPlayStarted] com.skt.nugu.sdk.agent.DefaultTTSAgent$SpeakDirectiveInfo$layerForDisplayPolicy$1@cd38c10
2020-12-11 14:55:12.970 16266-22803/com.skt.eaa.assistant D/DialogUXStateAggregator: [onReceiveTTSText] text: <skml domain="im" cate="NUGU_Message_2" voice="aria" speed="100" pause1="600" pause2="300">누구에게 메시지를 보낼까요?</skml>, dialogRequestId: 0e49a8501a015cef3d782d5a902dbe8f
2020-12-11 14:55:12.970 16266-22803/com.skt.eaa.assistant D/NUGUauto::NuguClientManager: ttsListener.onReceiveTTSText(text:<skml domain="im" cate="NUGU_Message_2" voice="aria" speed="100" pause1="600" pause2="300">누구에게 메시지를 보낼까요?</skml>, dialogRequestId:0e49a8501a015cef3d782d5a902dbe8f)
2020-12-11 14:55:12.970 16266-22803/com.skt.eaa.assistant D/PlaySynchronizer: [startSync] dialogRequestId: 0e49a8501a015cef3d782d5a902dbe8f, listener: com.skt.nugu.sdk.agent.DefaultTTSAgent$SpeakDirectiveInfo$focusChannel$1$onFocusChanged$1$2@f1fb309
2020-12-11 14:55:12.971 16266-22803/com.skt.eaa.assistant D/StreamAttachment: [createReader]
2020-12-11 14:55:12.972 16266-22282/com.skt.eaa.assistant D/NUGUauto::DebugLogManager: readLog() : java.io.FileNotFoundException: /storage/emulated/0/NUGUauto/2020-12-11_log.txt: open failed: ENOENT (No such file or directory)
2020-12-11 14:55:12.972 16266-22803/com.skt.eaa.assistant D/AttachmentManager: [createReader] New Attachment Created - attachmentId: 0e49a85e1301e41921e5938ba5e527e5, status: null, created reader: com.skt.nugu.sdk.core.attachment.StreamAttachment$createReader$1@b02290e
2020-12-11 14:55:12.974 16266-22803/com.skt.eaa.assistant D/NuguOpusPlayer2: [setSource] 15
2020-12-11 14:55:12.974 16266-22803/com.skt.eaa.assistant D/DefaultTTSAgent: [startPlaying] sourceId: SourceId(id=30), info: SourceId(id=30)@SpeakDirectiveInfo
2020-12-11 14:55:12.974 16266-22803/com.skt.eaa.assistant D/NuguOpusPlayer2: [play] SourceId(id=15)
2020-12-11 14:55:12.975 16266-22803/com.skt.eaa.assistant D/PlaySynchronizer: [startSync] granted.
2020-12-11 14:55:12.975 16266-28752/com.skt.eaa.assistant D/SeamlessFocusManager: [onFocusChanged] currentForegroundFocusInterfaceName: TTS-0e49a85e1301e41921e5938ba5e527e5
2020-12-11 14:55:12.975 16266-28752/com.skt.eaa.assistant D/AndAudioFocusInteractor: [acquire] focusOwner: TTS-0e49a85e1301e41921e5938ba5e527e5
2020-12-11 14:55:12.975 16266-28752/com.skt.eaa.assistant D/FocusManager_Audio: [releaseChannelHelper] Channel(name=UserDialog, priority=Priority(acquire=100, release=200)), ASR
2020-12-11 14:55:12.976 16266-28752/com.skt.eaa.assistant D/FocusManager_Audio: [releaseChannelHelper] not matched current observer
2020-12-11 14:55:12.977 16266-28752/com.skt.eaa.assistant D/FocusManager_Audio: [releaseChannelHelper] Channel(name=InternalDialog, priority=Priority(acquire=400, release=300)), ASR
2020-12-11 14:55:12.978 16266-28752/com.skt.eaa.assistant D/FocusManager_Audio: [releaseChannelHelper] not matched current observer
2020-12-11 14:55:12.978 16266-28752/com.skt.eaa.assistant D/FocusManager_Audio: [releaseChannelHelper] Channel(name=Interaction, priority=Priority(acquire=10, release=10000)), FocusHolder
2020-12-11 14:55:12.978 16266-28752/com.skt.eaa.assistant D/FocusManager_Audio: [releaseChannelHelper] not matched current observer
2020-12-11 14:55:12.978 16266-22282/com.skt.eaa.assistant D/NUGUauto::DebugLogManager: writeCachedLog() : java.io.FileNotFoundException: /storage/emulated/0/NUGUauto/2020-12-11_log.txt: open failed: ENOENT (No such file or directory)
2020-12-11 14:55:12.978 16266-28752/com.skt.eaa.assistant D/FocusManager_Audio: [releaseChannelHelper] Channel(name=Interaction, priority=Priority(acquire=10, release=10000)), FocusHolder
2020-12-11 14:55:12.978 16266-28752/com.skt.eaa.assistant D/FocusManager_Audio: [removeActiveChannel] remove:ActiveChannel(channel=Channel(name=Interaction, priority=Priority(acquire=10, release=10000)), activatedIndex=112)
2020-12-11 14:55:12.978 16266-28752/com.skt.eaa.assistant D/Channel: [setFocus] focus: NONE, State(name=Interaction, focusState=BACKGROUND, interfaceName=FocusHolder)
2020-12-11 14:55:12.978 16266-28752/com.skt.eaa.assistant D/SeamlessFocusManager: [onFocusChanged] newFocus: NONE
2020-12-11 14:55:12.978 16266-28752/com.skt.eaa.assistant D/SeamlessFocusManager: [onFocusChanged] currentForegroundFocusInterfaceName: TTS-0e49a85e1301e41921e5938ba5e527e5
2020-12-11 14:55:12.978 16266-28752/com.skt.eaa.assistant D/AndAudioFocusInteractor: [release] focusOwner: FocusHolder
2020-12-11 14:55:12.980 16266-16266/com.skt.eaa.assistant D/AndAudioFocusInteractor: [requestAudioFocus] result: 1
2020-12-11 14:55:12.980 16266-16266/com.skt.eaa.assistant D/FocusManager_Audio: [releaseChannel] Interaction
2020-12-11 14:55:12.980 16266-16266/com.skt.eaa.assistant D/AndAudioFocusInteractor: [acquire] requestAudioFocus
2020-12-11 14:55:12.981 16266-28752/com.skt.eaa.assistant D/FocusManager_Audio: [releaseChannelHelper] Channel(name=Interaction, priority=Priority(acquire=10, release=10000)), FocusHolder
2020-12-11 14:55:12.981 16266-28752/com.skt.eaa.assistant D/FocusManager_Audio: [releaseChannelHelper] not matched current observer
2020-12-11 14:55:12.985 16266-28864/com.skt.eaa.assistant D/AudioTrack: setVolume(1.000000, 1.000000) pid : 16266
2020-12-11 14:55:12.985 16266-16266/com.skt.eaa.assistant D/NuguOpusPlayer2: [onStatusChanged] status: READY
2020-12-11 14:55:13.067 16266-28755/com.skt.eaa.assistant D/EventsService: [onNext] attachment start, seq=0, parentMessageId=0e49a85e1301e41921e5938ba5e527e5, requestMessageId={0e49a8501a015cef3d782d5a5cd080c8}
2020-12-11 14:55:13.068 16266-28755/com.skt.eaa.assistant D/MessageDispatcher: [receiveAttachment] Header(dialogRequestId=0e49a8501a015cef3d782d5a902dbe8f, messageId=0e49a85e8e019999900898823d427e40, name=Speak, namespace=TTS, version=1.0, referrerDialogRequestId=), content: 16800, seq: 0, isEnd: false, mediaType: audio/opus, parentMessageId: 0e49a85e1301e41921e5938ba5e527e5
2020-12-11 14:55:13.068 16266-28755/com.skt.eaa.assistant D/StreamAttachment: [createWriter]
2020-12-11 14:55:13.068 16266-28755/com.skt.eaa.assistant D/StreamAttachment: [write] limit: 16800 / capacity: 16800 / id: 0e49a85e1301e41921e5938ba5e527e5
2020-12-11 14:55:13.070 16266-16266/com.skt.eaa.assistant D/NuguOpusPlayer2: [onStatusChanged] status: STARTED
2020-12-11 14:55:13.070 16266-16266/com.skt.eaa.assistant D/DefaultTTSAgent: [onPlaybackStarted] id: SourceId(id=30)
2020-12-11 14:55:13.071 16266-22803/com.skt.eaa.assistant D/DefaultTTSAgent: [executePlaybackStarted] currentInfo: com.skt.nugu.sdk.agent.DefaultTTSAgent$SpeakDirectiveInfo@2433037
2020-12-11 14:55:13.071 16266-22803/com.skt.eaa.assistant D/TTSPlayContextProvider: [onPlaybackStarted] nugu.builtin.auto.message
2020-12-11 14:55:13.071 16266-22803/com.skt.eaa.assistant D/DefaultTTSAgent: [setCurrentState] state: PLAYING
2020-12-11 14:55:13.071 16266-22803/com.skt.eaa.assistant D/DialogUXStateAggregator: [onStateChanged-TTS] State: PLAYING
2020-12-11 14:55:13.071 16266-22803/com.skt.eaa.assistant D/NUGUauto::NuguClientManager: ttsListener.onStateChanged(state:PLAYING, dialogRequestId:0e49a8501a015cef3d782d5a902dbe8f)
2020-12-11 14:55:13.072 16266-25950/com.skt.eaa.assistant D/DialogUXStateAggregator: [getCurrentChips] activeSessions: {0e49a8501a015cef3d782d5a902dbe8f=Session(sessionId=1607666112926d4756b0fdb2d47b6bc760f39ab941f30, playServiceId=nugu.builtin.auto.message)}, lastReceivedChips: null
2020-12-11 14:55:13.072 16266-25950/com.skt.eaa.assistant D/NUGUauto::NuguClientManager: dialogUxListener.onDialogUXStateChanged({
      "newState": "SPEAKING",
      "dialogMode": true,
      "sessionActivated": true
    })
2020-12-11 14:55:13.073 16266-16266/com.skt.eaa.assistant D/NUGUauto::NuguPhoneCallClient: onDialogUXStateChanged({
      "newState": "SPEAKING",
      "dialogMode": true,
      "sessionActivated": true
    })
2020-12-11 14:55:13.073 16266-16266/com.skt.eaa.assistant D/NUGUauto::VoiceChromeController: onDialogUXStateChanged({
      "newState": "SPEAKING",
      "dialogMode": true,
      "sessionActivated": true
    })
2020-12-11 14:55:13.073 16266-22803/com.skt.eaa.assistant D/DefaultBluetoothAgent: [provideState] namespaceAndName: NamespaceAndName(namespace=supportedInterfaces, name=Bluetooth), contextType: COMPACT, stateRequestToken: 66
2020-12-11 14:55:13.073 16266-22803/com.skt.eaa.assistant D/MessageAgent: [provideState] namespaceAndName: NamespaceAndName(namespace=supportedInterfaces, name=Message), contextType: COMPACT, stateRequestToken: 66
2020-12-11 14:55:13.074 16266-22803/com.skt.eaa.assistant D/AudioPlayerAgent: [provideState] namespaceAndName: NamespaceAndName(namespace=supportedInterfaces, name=AudioPlayer), contextType: COMPACT, stateRequestToken: 66
2020-12-11 14:55:13.074 16266-16266/com.skt.eaa.assistant D/NUGUauto::VoiceChromeController: updateAsrText(text:)
2020-12-11 14:55:13.074 16266-22803/com.skt.eaa.assistant D/PhoneCallAgent: [provideState] namespaceAndName: NamespaceAndName(namespace=supportedInterfaces, name=PhoneCall), contextType: COMPACT, stateRequestToken: 66
2020-12-11 14:55:13.074 16266-16266/com.skt.eaa.assistant D/NUGUauto::AnimatedVoiceChromeView: nextAnimation(): ALREADY animating
2020-12-11 14:55:13.074 16266-22803/com.skt.eaa.assistant D/DisplayTemplateAgent: [provideState] namespaceAndName: NamespaceAndName(namespace=supportedInterfaces, name=Display), contextType: COMPACT, stateRequestToken: 66
2020-12-11 14:55:13.074 16266-22803/com.skt.eaa.assistant D/SpeakerManager: [provideState] namespaceAndName: NamespaceAndName(namespace=supportedInterfaces, name=Speaker), contextType: COMPACT, stateRequestToken: 66
2020-12-11 14:55:13.074 16266-22803/com.skt.eaa.assistant D/SessionAgent: [provideState] namespaceAndName: NamespaceAndName(namespace=supportedInterfaces, name=Session), contextType: COMPACT, stateRequestToken: 66
2020-12-11 14:55:13.075 16266-22803/com.skt.eaa.assistant D/DefaultLocationAgent: [provideState] namespaceAndName: NamespaceAndName(namespace=supportedInterfaces, name=Location), contextType: COMPACT, stateRequestToken: 66
2020-12-11 14:55:13.075 16266-22803/com.skt.eaa.assistant D/ContextManager: [setState] success - namespaceAndName: NamespaceAndName(namespace=supportedInterfaces, name=Location), state: CachedStateContext(delegate=com.skt.nugu.sdk.agent.DefaultLocationAgent$StateContext$Companion$CompactContextState$1@5ed7ffe), refreshPolicy: ALWAYS, type: COMPACT, stateRequestToken: 66
2020-12-11 14:55:13.075 16266-22803/com.skt.eaa.assistant D/PlayStackContextManager: [provideState] namespaceAndName: NamespaceAndName(namespace=client, name=playStack), contextType: COMPACT, stateRequestToken: 66
2020-12-11 14:55:13.075 16266-28747/com.skt.eaa.assistant D/SpeakerManager: [provideState]
2020-12-11 14:55:13.075 16266-22803/com.skt.eaa.assistant D/DefaultTTSAgent: [provideState] namespaceAndName: NamespaceAndName(namespace=supportedInterfaces, name=TTS), contextType: FULL, stateRequestToken: 66
2020-12-11 14:55:13.075 16266-22803/com.skt.eaa.assistant D/NUGUauto::BaseCapabilitylAgent: provideState()# [AutoRadio] start
2020-12-11 14:55:13.075 16266-22803/com.skt.eaa.assistant D/NUGUauto::AutoRadioManager: getChannelInfo()
2020-12-11 14:55:13.070 16266-28755/com.skt.eaa.assistant D/MessageDispatcher: [receiveAttachment] Header(dialogRequestId=0e49a8501a015cef3d782d5a902dbe8f, messageId=0e49a85e8e013c7b53e61cc320f1ab57, name=Speak, namespace=TTS, version=1.0, referrerDialogRequestId=), content: 1176, seq: 1, isEnd: false, mediaType: audio/opus, parentMessageId: 0e49a85e1301e41921e5938ba5e527e5
2020-12-11 14:55:13.076 16266-28755/com.skt.eaa.assistant D/StreamAttachment: [createWriter]
2020-12-11 14:55:13.077 16266-28755/com.skt.eaa.assistant D/StreamAttachment: [write] limit: 1176 / capacity: 1176 / id: 0e49a85e1301e41921e5938ba5e527e5
2020-12-11 14:55:13.079 16266-22803/com.skt.eaa.assistant E/NUGUauto::AutoRadioManager: getChannelInfo()# It's not automotive.
2020-12-11 14:55:13.080 16266-22803/com.skt.eaa.assistant E/NUGUauto::AutoRadioManager: getPlayerActivity()# It's not automotive.
2020-12-11 14:55:13.080 16266-22751/com.skt.eaa.assistant D/NUGUauto::PackageHelper: getForegroundPackageName()# foregroundPackageName : com.sec.android.app.launcher
2020-12-11 14:55:13.081 16266-22803/com.skt.eaa.assistant D/NUGUauto::AutoRadioAgent: getRecentlyRadioChannelData()
2020-12-11 14:55:13.081 16266-22803/com.skt.eaa.assistant D/NUGUauto::DateTimeHelper: toDaysAsOfCurrentTime(): milliseconds must be more than 0 and less than current time
2020-12-11 14:55:13.082 16266-22751/com.skt.eaa.assistant D/NUGUauto::NuguConfigResourceManager: getAppCategory()# packageName: com.sec.android.app.launcher, appCategory: UNKNOWN
2020-12-11 14:55:13.085 16266-28755/com.skt.eaa.assistant D/EventsService: [onNext] attachment end, seq=2, parentMessageId=0e49a85e1301e41921e5938ba5e527e5, requestMessageId={0e49a8501a015cef3d782d5a5cd080c8}, elapsed=18ms
2020-12-11 14:55:13.085 16266-28755/com.skt.eaa.assistant D/MessageDispatcher: [receiveAttachment] Header(dialogRequestId=0e49a8501a015cef3d782d5a902dbe8f, messageId=0e49a85e8e013e697c03ffc61c9620c0, name=Speak, namespace=TTS, version=1.0, referrerDialogRequestId=), content: 0, seq: 2, isEnd: true, mediaType: audio/opus, parentMessageId: 0e49a85e1301e41921e5938ba5e527e5
2020-12-11 14:55:13.085 16266-28755/com.skt.eaa.assistant D/StreamAttachment: [createWriter]
2020-12-11 14:55:13.086 16266-28755/com.skt.eaa.assistant D/StreamAttachment: [write] limit: 0 / capacity: 0 / id: 0e49a85e1301e41921e5938ba5e527e5
2020-12-11 14:55:13.086 16266-22803/com.skt.eaa.assistant D/NUGUauto::AgentContextPacker: init : data = {"version":"1.0","playerActivity":"STOPPED","channel":null,"recentlyPlayedChannel":{"type":"","value":""},"supportFrequencyTypes":["FM"]}
2020-12-11 14:55:13.086 16266-28755/com.skt.eaa.assistant D/AttachmentManager: [onAttachment] receive end attachment: 0e49a85e1301e41921e5938ba5e527e5
2020-12-11 14:55:13.086 16266-28866/com.skt.eaa.assistant D/RawCBRStreamSource: [readSampleData] end of stream
2020-12-11 14:55:13.086 16266-22803/com.skt.eaa.assistant D/NUGUauto::BaseCapabilitylAgent: provideState()# [AutoRadio] end
2020-12-11 14:55:13.086 16266-22803/com.skt.eaa.assistant D/ContextManager: [setState] success - namespaceAndName: NamespaceAndName(namespace=client, name=wakeupWord), state: CachedStateContext(delegate=com.skt.nugu.sdk.core.interfaces.context.WakeupWordContextProvider$provideState$1@b4d593c), refreshPolicy: ALWAYS, type: COMPACT, stateRequestToken: 66
2020-12-11 14:55:13.086 16266-22803/com.skt.eaa.assistant D/BatteryAgent: [provideState] namespaceAndName: NamespaceAndName(namespace=supportedInterfaces, name=Battery), contextType: COMPACT, stateRequestToken: 66
2020-12-11 14:55:13.086 16266-22803/com.skt.eaa.assistant D/ContextManager: [setState] success - namespaceAndName: NamespaceAndName(namespace=supportedInterfaces, name=Battery), state: CachedStateContext(delegate=com.skt.nugu.sdk.agent.battery.DefaultBatteryAgent$StateContext$Companion$CompactContextState$1@c0061ac), refreshPolicy: ALWAYS, type: COMPACT, stateRequestToken: 66
2020-12-11 14:55:13.086 16266-28755/com.skt.eaa.assistant D/AttachmentManager: [removeStatusIfNoMoreNeedLocked] removed - id: 0e49a85e1301e41921e5938ba5e527e5, status: AttachmentStatus(readerCreated=true, writerCreated=false, writerClosed=true, receiveEndAttachment=true, createdAt=1607666112971)
2020-12-11 14:55:13.086 16266-22803/com.skt.eaa.assistant D/NUGUauto::BaseCapabilitylAgent: provideState()# [AutoCarControlEAA] start
2020-12-11 14:55:13.087 16266-28755/com.skt.eaa.assistant D/AttachmentManager: [trimTimeoutStatusLocked] removeTargets: {}
2020-12-11 14:55:13.087 16266-28755/com.skt.eaa.assistant D/AttachmentManager: [tryRemoveAttachmentAndStatusLocked] attachmentId: 0e49a85e1301e41921e5938ba5e527e5, removedAttachment: com.skt.nugu.sdk.core.attachment.StreamAttachment@18776c5, removedStatus: AttachmentStatus(readerCreated=true, writerCreated=false, writerClosed=true, receiveEndAttachment=true, createdAt=1607666112971)
2020-12-11 14:55:13.087 16266-28755/com.skt.eaa.assistant D/AttachmentManager: [tryRemoveAttachmentAndStatusLocked] attachment size: 0, status size: 0
2020-12-11 14:55:13.087 16266-28755/com.skt.eaa.assistant D/EventsService: [onCompleted] messageId=0e49a8501a015cef3d782d5a5cd080c8, numRequests=0
2020-12-11 14:55:13.088 16266-22803/com.skt.eaa.assistant D/NUGUauto::AutoCarControlEaaAgent: onProvideState() {"version":"1.0","properties":[]}
2020-12-11 14:55:13.088 16266-22803/com.skt.eaa.assistant D/NUGUauto::AgentContextPacker: init : data = {"version":"1.0","properties":[]}
2020-12-11 14:55:13.088 16266-22803/com.skt.eaa.assistant D/NUGUauto::BaseCapabilitylAgent: provideState()# [AutoCarControlEAA] end
2020-12-11 14:55:13.088 16266-28755/com.skt.eaa.assistant D/DefaultClientSpeechRecognizer: [onSuccess] request: EventMessageRequest(messageId=0e49a8501a015cef3d782d5a5cd080c8, dialogRequestId=0e49a8501a015cef3d782d5a902dbe8f, context={"client":{"os":"Android","wakeupWord":"팅커벨","playStack":[]},"supportedInterfaces":{"ASR":{"version":"1.4"},"Bluetooth":{"version":"1.1","device":{"name":"MOBILE_ANDROID_DEV","status":"ON","profiles":[{"name":"HSP","enabled":"TRUE"},{"name":"A2DP","enabled":"FALSE"},{"name":"PBAP","enabled":"TRUE"},{"name":"MAP","enabled":"TRUE"},{"name":"PAN","enabled":"FALSE"}]},"activeDevice":{"id":"-1","name":"MOBILE_ANDROID_DEV_BT_DEVICE","streaming":"UNUSABLE"}},"NuguAuto":{"version":"1.0","foregroundAppCategory":"UNKNOWN","applicationPermissions":[{"name":"LOCATION","state":"GRANTED"},{"name":"CALL","state":"GRANTED"},{"name":"MESSAGE","state":"GRANTED"},{"name":"CALL_HISTORY","state":"GRANTED"},{"name":"MICROPHONE","state":"GRANTED"},{"name":"PHONEBOOK","state":"GRANTED"}],"mediaState":"NONE"},"Message":{"version":"1.3","readActivity":"IDLE","template":{"candidates":[{"name":"모현호님/AI Convergence개발Cell","numInMessageHistory":"0","score":"0.70003116","token":"CONTACT_8438","type":"CONTACT"}],"info":"PHONE_BOOK","recipientIntended":{"name":"모현호"}}},"Chips":{"version":"1.1"},"AudioPlayer":{"version":"1.5","playerActivity":"IDLE"},"Text":{"version":"1.5"},"Sound":{"version":"1.0"},"System":{"version":"1.3"},"AutoCarControlEAA":{"version":"1.0","properties":[]},"Extension":{"version":"1.1"},"Utility":{"version":"1.0"},"TTS":{"version":"1.3","ttsActivity":"FINISHED","token":"202012111453ca54c8befd4fce9c39923e4708a685"},"Battery":{"version":"1.0","level":87,"charging":true},"PhoneCall":{"version":"1.2","state":"IDLE"},"AutoRadio":{"version":"1.0","playerActivity":"STOPPED","channel":null,"recentlyPlayedChannel":{"type":"","value":""},"supportFrequencyTypes":["FM"]},"Location":{"version":"1.0","current":{"latitude":"37.5665708","longitude":"126.9851665"}},"Display":{"version":"1.6"},"Session":{"version":"1.0","list":[]},"Speaker":{"version":"1.2","volumes":[{"group":"call","minVolume":0,"maxVolume":11,"defaultVolumeStep":1,"defaultVolumeLevel":5,"volume":10,"muted":true,"name":"RINGTONE"},{"group":"navigation","minVolume":0,"maxVolume":11,"defaultVolumeStep":1,"defaultVolumeLevel":5,"volume":0,"muted":true,"name":"NAVIGATION"},{"group":"system_sound","minVolume":0,"maxVolume":11,"defaultVolumeStep":1,"defaultVolumeLevel":5,"volume":15,"muted":true,"name":"SYSTEM_SOUND"},{"group":"notification","minVolume":1,"maxVolume":11,"defaultVolumeStep":1,"defaultVolumeLevel":5,"volume":11,"muted":false,"name":"ALARM"},{"group":"notification","minVolume":0,"maxVolume":11,"defaultVolumeStep":1,"defaultVolumeLevel":5,"volume":0,"muted":true,"name":"NOTIFICATION"},{"group":"voice_command","minVolume":0,"maxVolume":11,"defaultVolumeStep":1,"defaultVolumeLevel":5,"volume":8,"muted":false,"name":"VOICE_COMMAND"},{"group":"call","minVolume":0,"maxVolume":5,"defaultVolumeStep":1,"defaultVolumeLevel":5,"volume":5,"muted":false,"name":"CALL"},{"group":"media","minVolume":0,"maxVolume":11,"defaultVolumeStep":1,"defaultVolumeLevel":5,"volume":8,"muted":false,"name":"MUSIC"}]}}}, namespace=ASR, name=Recognize, version=1.4, payload={"codec":"SPEEX","endpointing":"CLIENT","encoding":"PARTIAL","wakeup":{"word":"팅커벨","power":{"noise":-55.772987,"speech":-32.10089}}}, referrerDialogRequestId=)
2020-12-11 14:55:13.088 16266-22803/com.skt.eaa.assistant D/NUGUauto::BaseCapabilitylAgent: provideState()# [NuguAuto] start
2020-12-11 14:55:13.093 16266-16266/com.skt.eaa.assistant E/DecorView: mWindow.mActivityCurrentConfig is null
2020-12-11 14:55:13.095 16266-16266/com.skt.eaa.assistant D/NuguOpusPlayer2: [onFoundDuration] duration: 2329
2020-12-11 14:55:13.106 16266-22803/com.skt.eaa.assistant W/NUGUauto::MediaHelper: [Exception] java.lang.SecurityException: Missing permission to control media.
        at android.os.Parcel.createException(Parcel.java:2088)
        at android.os.Parcel.readException(Parcel.java:2056)
        at android.os.Parcel.readException(Parcel.java:2004)
        at android.media.session.ISessionManager$Stub$Proxy.getSessions(ISessionManager.java:611)
        at android.media.session.MediaSessionManager.getActiveSessionsForUser(MediaSessionManager.java:187)
        at android.media.session.MediaSessionManager.getActiveSessions(MediaSessionManager.java:166)
        at com.skt.eaa.assistant.utils.MediaHelper.getActiveMediaSessions(MediaHelper.kt:31)
        at com.skt.eaa.assistant.utils.MediaHelper.getMediaSessionState(MediaHelper.kt:37)
        at com.skt.eaa.assistant.capability.agent.NuguAutoAgent.onProvideState(NuguAutoAgent.kt:55)
        at com.skt.eaa.assistant.capability.agent.BaseCapabilitylAgent.provideState(BaseCapabilitylAgent.kt:47)
        at com.skt.nugu.sdk.core.context.ContextManager.getContext(ContextManager.kt:218)
        at com.skt.nugu.sdk.core.interfaces.context.ContextGetterInterface$DefaultImpls.getContext$default(ContextManagerInterface.kt:21)
        at com.skt.nugu.sdk.agent.DefaultTTSAgent.sendEventWithToken(DefaultTTSAgent.kt:1008)
        at com.skt.nugu.sdk.agent.DefaultTTSAgent.sendPlaybackEvent(DefaultTTSAgent.kt:881)
        at com.skt.nugu.sdk.agent.DefaultTTSAgent.sendPlaybackEvent$default(DefaultTTSAgent.kt:880)
        at com.skt.nugu.sdk.agent.DefaultTTSAgent.executePlaybackStarted(DefaultTTSAgent.kt:877)
        at com.skt.nugu.sdk.agent.DefaultTTSAgent.access$executePlaybackStarted(DefaultTTSAgent.kt:60)
        at com.skt.nugu.sdk.agent.DefaultTTSAgent$onPlaybackStarted$2.invoke(DefaultTTSAgent.kt:805)
        at com.skt.nugu.sdk.agent.DefaultTTSAgent$onPlaybackStarted$2.invoke(DefaultTTSAgent.kt:60)
        at com.skt.nugu.sdk.agent.DefaultTTSAgent$executeOnPlaybackEvent$2.run(DefaultTTSAgent.kt:866)
        at java.util.concurrent.Executors$RunnableAdapter.call(Executors.java:462)
        at java.util.concurrent.FutureTask.run(FutureTask.java:266)
        at java.util.concurrent.ThreadPoolExecutor.runWorker(ThreadPoolExecutor.java:1167)
        at java.util.concurrent.ThreadPoolExecutor$Worker.run(ThreadPoolExecutor.java:641)
        at java.lang.Thread.run(Thread.java:919)
2020-12-11 14:55:13.108 16266-22803/com.skt.eaa.assistant D/NUGUauto::PackageHelper: getForegroundPackageName()# foregroundPackageName : com.sec.android.app.launcher
2020-12-11 14:55:13.109 16266-22803/com.skt.eaa.assistant D/NUGUauto::NuguConfigResourceManager: getAppCategory()# packageName: com.sec.android.app.launcher, appCategory: UNKNOWN
2020-12-11 14:55:13.109 16266-22803/com.skt.eaa.assistant D/NUGUauto::AgentContextPacker: init : data = {"version":"1.0","foregroundAppCategory":"UNKNOWN","applicationPermissions":[{"name":"LOCATION","state":"GRANTED"},{"name":"CALL","state":"GRANTED"},{"name":"MESSAGE","state":"GRANTED"},{"name":"CALL_HISTORY","state":"GRANTED"},{"name":"MICROPHONE","state":"GRANTED"},{"name":"PHONEBOOK","state":"GRANTED"}],"mediaState":"NONE"}
2020-12-11 14:55:13.109 16266-22803/com.skt.eaa.assistant D/NUGUauto::BaseCapabilitylAgent: provideState()# [NuguAuto] end
2020-12-11 14:55:13.109 16266-22803/com.skt.eaa.assistant D/DefaultExtensionAgent: [provideState] namespaceAndName: NamespaceAndName(namespace=supportedInterfaces, name=Extension), contextType: COMPACT, stateRequestToken: 66
2020-12-11 14:55:13.109 16266-22803/com.skt.eaa.assistant D/ContextManager: [setState] success - namespaceAndName: NamespaceAndName(namespace=supportedInterfaces, name=Extension), state: CachedStateContext(delegate=com.skt.nugu.sdk.agent.DefaultExtensionAgent$StateContext$Companion$CompactContextState$1@f42e75), refreshPolicy: ALWAYS, type: COMPACT, stateRequestToken: 66
2020-12-11 14:55:13.109 16266-22803/com.skt.eaa.assistant D/ContextManager: [setState] success - namespaceAndName: NamespaceAndName(namespace=supportedInterfaces, name=TTS), state: CachedStateContext(delegate=StateContext(state=PLAYING, token=2020121114d8538272ea61482fbd6dd87cb4e19ca2)), refreshPolicy: ALWAYS, type: FULL, stateRequestToken: 66
2020-12-11 14:55:13.111 16266-28751/com.skt.eaa.assistant D/ContextManager: [setState] success - namespaceAndName: NamespaceAndName(namespace=supportedInterfaces, name=NuguAuto), state: CachedStateContext(delegate=com.skt.eaa.assistant.capability.agent.BaseCapabilitylAgent$provideState$$inlined$run$lambda$1$1@e3bc81a), refreshPolicy: ALWAYS, type: COMPACT, stateRequestToken: 66
2020-12-11 14:55:13.111 16266-28745/com.skt.eaa.assistant D/ContextManager: [setState] success - namespaceAndName: NamespaceAndName(namespace=supportedInterfaces, name=Bluetooth), state: CachedStateContext(delegate=com.skt.nugu.sdk.agent.DefaultBluetoothAgent$StateContext$Companion$CompactContextState$1@19d9e0a), refreshPolicy: ALWAYS, type: COMPACT, stateRequestToken: 66
2020-12-11 14:55:13.112 16266-22830/com.skt.eaa.assistant D/ContextManager: [setState] success - namespaceAndName: NamespaceAndName(namespace=supportedInterfaces, name=Message), state: CachedStateContext(delegate=com.skt.nugu.sdk.agent.ext.message.MessageAgent$StateContext$Companion$CompactContextState$1@bff867b), refreshPolicy: ALWAYS, type: COMPACT, stateRequestToken: 66
2020-12-11 14:55:13.112 16266-22703/com.skt.eaa.assistant D/ContextManager: [setState] success - namespaceAndName: NamespaceAndName(namespace=supportedInterfaces, name=AudioPlayer), state: CachedStateContext(delegate=com.skt.nugu.sdk.agent.DefaultAudioPlayerAgent$StateContext$Companion$CompactContextState$1@4e7ec98), refreshPolicy: ALWAYS, type: COMPACT, stateRequestToken: 66
2020-12-11 14:55:13.112 16266-28746/com.skt.eaa.assistant D/ContextManager: [setState] success - namespaceAndName: NamespaceAndName(namespace=supportedInterfaces, name=PhoneCall), state: CachedStateContext(delegate=com.skt.nugu.sdk.agent.ext.phonecall.PhoneCallAgent$StateContext$Companion$CompactContextState$1@6663cf1), refreshPolicy: ALWAYS, type: COMPACT, stateRequestToken: 66
2020-12-11 14:55:13.113 16266-22790/com.skt.eaa.assistant D/ContextManager: [setState] success - namespaceAndName: NamespaceAndName(namespace=supportedInterfaces, name=Display), state: CachedStateContext(delegate=com.skt.nugu.sdk.agent.DefaultDisplayAgent$StateContext$Companion$CompactContextState$1@37f90d6), refreshPolicy: ALWAYS, type: COMPACT, stateRequestToken: 66
2020-12-11 14:55:13.113 16266-22790/com.skt.eaa.assistant D/DisplayTemplateAgent: [getPlayContext] null
2020-12-11 14:55:13.113 16266-22751/com.skt.eaa.assistant D/DisplayPlayStackManager: [getPlayStack] provided : [], oldestTimestampOfPlayContext: 9223372036854775807
2020-12-11 14:55:13.113 16266-22751/com.skt.eaa.assistant D/DisplayPlayStackManager: [getPlayStack] shouldBeExcluded : []
2020-12-11 14:55:13.113 16266-22751/com.skt.eaa.assistant D/DisplayPlayStackManager: [getPlayStack] []
2020-12-11 14:55:13.113 16266-22751/com.skt.eaa.assistant D/DefaultTTSAgent: [getPlayContext] PlayContext(playServiceId=nugu.builtin.auto.message, timestamp=1607666113071, isBackground=false, persistent=true, affectPersistent=true)
2020-12-11 14:55:13.114 16266-22751/com.skt.eaa.assistant D/NUGUauto::NuguAppPlayStackManager: getSoundPlayContext()# namespace : AutoRadio, soundPlayContext: null
2020-12-11 14:55:13.114 16266-22751/com.skt.eaa.assistant D/AudioPlayStackManager: [getPlayStack] provided : [PlayContext(playServiceId=nugu.builtin.auto.message, timestamp=1607666113071, isBackground=false, persistent=true, affectPersistent=true)], oldestTimestampOfPlayContext: 1607666113071
2020-12-11 14:55:13.114 16266-22751/com.skt.eaa.assistant D/AudioPlayStackManager: [getPlayStack] shouldBeExcluded : []
2020-12-11 14:55:13.114 16266-22751/com.skt.eaa.assistant D/AudioPlayStackManager: [getPlayStack] [PlayStackContext(playServiceId=nugu.builtin.auto.message, timestamp=1607666113071, isBackground=false)]
2020-12-11 14:55:13.114 16266-22751/com.skt.eaa.assistant D/PlayStackContextManager: [buildPlayStack] playStack: [nugu.builtin.auto.message], foregroundPlayStackMap: {PlayStackContext(playServiceId=nugu.builtin.auto.message, timestamp=1607666113071, isBackground=false)=nugu.builtin.auto.message}, backgroundPlayStackMap: {}
2020-12-11 14:55:13.114 16266-28748/com.skt.eaa.assistant D/ContextManager: [setState] success - namespaceAndName: NamespaceAndName(namespace=supportedInterfaces, name=Session), state: CachedStateContext(delegate=com.skt.nugu.sdk.agent.session.SessionAgent$StateContext$Companion$CompactContextState$1@3bb3a44), refreshPolicy: ALWAYS, type: COMPACT, stateRequestToken: 66
2020-12-11 14:55:13.115 16266-28747/com.skt.eaa.assistant D/ContextManager: [setState] success - namespaceAndName: NamespaceAndName(namespace=supportedInterfaces, name=Speaker), state: CachedStateContext(delegate=com.skt.nugu.sdk.agent.DefaultSpeakerAgent$StateContext$Companion$CompactContextState$1@6f60f57), refreshPolicy: ALWAYS, type: COMPACT, stateRequestToken: 66
2020-12-11 14:55:13.115 16266-28749/com.skt.eaa.assistant D/ContextManager: [setState] success - namespaceAndName: NamespaceAndName(namespace=supportedInterfaces, name=AutoRadio), state: CachedStateContext(delegate=com.skt.eaa.assistant.capability.agent.BaseCapabilitylAgent$provideState$$inlined$run$lambda$1$1@4884f4b), refreshPolicy: ALWAYS, type: COMPACT, stateRequestToken: 66
2020-12-11 14:55:13.115 16266-28750/com.skt.eaa.assistant D/ContextManager: [setState] success - namespaceAndName: NamespaceAndName(namespace=supportedInterfaces, name=AutoCarControlEAA), state: CachedStateContext(delegate=com.skt.eaa.assistant.capability.agent.BaseCapabilitylAgent$provideState$$inlined$run$lambda$1$1@534cd28), refreshPolicy: ALWAYS, type: COMPACT, stateRequestToken: 66
2020-12-11 14:55:13.115 16266-22751/com.skt.eaa.assistant D/ContextManager: [setState] success - namespaceAndName: NamespaceAndName(namespace=client, name=playStack), state: CachedStateContext(delegate=StateContext(playStack=[nugu.builtin.auto.message])), refreshPolicy: ALWAYS, type: COMPACT, stateRequestToken: 66
2020-12-11 14:55:13.116 16266-28744/com.skt.eaa.assistant D/ContextManager: [setState] onContextAvailable token: 66
2020-12-11 14:55:13.116 16266-28744/com.skt.eaa.assistant D/ContextManager: [buildContext] target: NamespaceAndName(namespace=supportedInterfaces, name=TTS), given: null
2020-12-11 14:55:13.117 16266-28744/com.skt.eaa.assistant D/IgnoreErrorContextRequestor: [onContextAvailable] {"client":{"os":"Android","wakeupWord":"팅커벨","playStack":["nugu.builtin.auto.message"]},"supportedInterfaces":{"ASR":{"version":"1.4"},"Bluetooth":{"version":"1.1"},"NuguAuto":{"version":"1.0","foregroundAppCategory":"UNKNOWN","applicationPermissions":[{"name":"LOCATION","state":"GRANTED"},{"name":"CALL","state":"GRANTED"},{"name":"MESSAGE","state":"GRANTED"},{"name":"CALL_HISTORY","state":"GRANTED"},{"name":"MICROPHONE","state":"GRANTED"},{"name":"PHONEBOOK","state":"GRANTED"}],"mediaState":"NONE"},"Message":{"version":"1.3"},"Chips":{"version":"1.1"},"AudioPlayer":{"version":"1.5"},"Text":{"version":"1.5"},"Sound":{"version":"1.0"},"System":{"version":"1.3"},"AutoCarControlEAA":{"version":"1.0","properties":[]},"Extension":{"version":"1.1"},"Utility":{"version":"1.0"},"TTS":{"version":"1.3","ttsActivity":"PLAYING","token":"2020121114d8538272ea61482fbd6dd87cb4e19ca2"},"Battery":{"version":"1.0"},"PhoneCall":{"version":"1.2"},"AutoRadio":{"version":"1.0","playerActivity":"STOPPED","channel":null,"recentlyPlayedChannel":{"type":"","value":""},"supportFrequencyTypes":["FM"]},"Location":{"version":"1.0"},"Display":{"version":"1.6"},"Session":{"version":"1.0"},"Speaker":{"version":"1.2"}}}
2020-12-11 14:55:13.122 16266-28744/com.skt.eaa.assistant D/EventsService: [onNext] event=TTS.SpeechStarted, messageId=0e49a85e30015cef3d782d5acfebb90e
2020-12-11 14:55:13.125 16266-28744/com.skt.eaa.assistant D/DeviceGatewayClient: sendMessage : EventMessageRequest(messageId=0e49a85e30015cef3d782d5acfebb90e, dialogRequestId=0e49a85e30015cef3d782d5a41a2fdcc, context={"client":{"os":"Android","wakeupWord":"팅커벨","playStack":["nugu.builtin.auto.message"]},"supportedInterfaces":{"ASR":{"version":"1.4"},"Bluetooth":{"version":"1.1"},"NuguAuto":{"version":"1.0","foregroundAppCategory":"UNKNOWN","applicationPermissions":[{"name":"LOCATION","state":"GRANTED"},{"name":"CALL","state":"GRANTED"},{"name":"MESSAGE","state":"GRANTED"},{"name":"CALL_HISTORY","state":"GRANTED"},{"name":"MICROPHONE","state":"GRANTED"},{"name":"PHONEBOOK","state":"GRANTED"}],"mediaState":"NONE"},"Message":{"version":"1.3"},"Chips":{"version":"1.1"},"AudioPlayer":{"version":"1.5"},"Text":{"version":"1.5"},"Sound":{"version":"1.0"},"System":{"version":"1.3"},"AutoCarControlEAA":{"version":"1.0","properties":[]},"Extension":{"version":"1.1"},"Utility":{"version":"1.0"},"TTS":{"version":"1.3","ttsActivity":"PLAYING","token":"2020121114d8538272ea61482fbd6dd87cb4e19ca2"},"Battery":{"version":"1.0"},"PhoneCall":{"version":"1.2"},"AutoRadio":{"version":"1.0","playerActivity":"STOPPED","channel":null,"recentlyPlayedChannel":{"type":"","value":""},"supportFrequencyTypes":["FM"]},"Location":{"version":"1.0"},"Display":{"version":"1.6"},"Session":{"version":"1.0"},"Speaker":{"version":"1.2"}}}, namespace=TTS, name=SpeechStarted, version=1.3, payload={"playServiceId":"nugu.builtin.auto.message","token":"2020121114d8538272ea61482fbd6dd87cb4e19ca2"}, referrerDialogRequestId=0e49a8501a015cef3d782d5a902dbe8f), result : true
2020-12-11 14:55:13.125 16266-28744/com.skt.eaa.assistant D/DefaultTTSAgent: [sendEventWithToken] EventMessageRequest(messageId=0e49a85e30015cef3d782d5acfebb90e, dialogRequestId=0e49a85e30015cef3d782d5a41a2fdcc, context={"client":{"os":"Android","wakeupWord":"팅커벨","playStack":["nugu.builtin.auto.message"]},"supportedInterfaces":{"ASR":{"version":"1.4"},"Bluetooth":{"version":"1.1"},"NuguAuto":{"version":"1.0","foregroundAppCategory":"UNKNOWN","applicationPermissions":[{"name":"LOCATION","state":"GRANTED"},{"name":"CALL","state":"GRANTED"},{"name":"MESSAGE","state":"GRANTED"},{"name":"CALL_HISTORY","state":"GRANTED"},{"name":"MICROPHONE","state":"GRANTED"},{"name":"PHONEBOOK","state":"GRANTED"}],"mediaState":"NONE"},"Message":{"version":"1.3"},"Chips":{"version":"1.1"},"AudioPlayer":{"version":"1.5"},"Text":{"version":"1.5"},"Sound":{"version":"1.0"},"System":{"version":"1.3"},"AutoCarControlEAA":{"version":"1.0","properties":[]},"Extension":{"version":"1.1"},"Utility":{"version":"1.0"},"TTS":{"version":"1.3","ttsActivity":"PLAYING","token":"2020121114d8538272ea61482fbd6dd87cb4e19ca2"},"Battery":{"version":"1.0"},"PhoneCall":{"version":"1.2"},"AutoRadio":{"version":"1.0","playerActivity":"STOPPED","channel":null,"recentlyPlayedChannel":{"type":"","value":""},"supportFrequencyTypes":["FM"]},"Location":{"version":"1.0"},"Display":{"version":"1.6"},"Session":{"version":"1.0"},"Speaker":{"version":"1.2"}}}, namespace=TTS, name=SpeechStarted, version=1.3, payload={"playServiceId":"nugu.builtin.auto.message","token":"2020121114d8538272ea61482fbd6dd87cb4e19ca2"}, referrerDialogRequestId=0e49a8501a015cef3d782d5a902dbe8f)
2020-12-11 14:55:13.153 16266-28862/com.skt.eaa.assistant D/SeamlessFocusManager: [cancel] removed: true, requester: com.skt.nugu.sdk.agent.DefaultASRAgent$dummyFocusRequester$1@2304613
2020-12-11 14:55:13.215 16266-28755/com.skt.eaa.assistant D/HeaderClientInterceptor: header received from server:Metadata(content-type=application/grpc,grpc-encoding=identity,grpc-accept-encoding=gzip)
2020-12-11 14:55:13.217 16266-28755/com.skt.eaa.assistant D/MessageDispatcher: [receiveDirectives] [DirectiveMessage(header=Header(dialogRequestId=0e49a85e30015cef3d782d5a41a2fdcc, messageId=0e49a85f2501196122e804e9e975c852, name=NoDirectives, namespace=System, version=1.0, referrerDialogRequestId=0e49a8501a015cef3d782d5a902dbe8f), payload={})]
2020-12-11 14:55:13.217 16266-28755/com.skt.eaa.assistant D/DirectiveSequencer: [onDirective] : Directive(attachmentManager=com.skt.nugu.sdk.core.attachment.AttachmentManager@7b3b708, header=Header(dialogRequestId=0e49a85e30015cef3d782d5a41a2fdcc, messageId=0e49a85f2501196122e804e9e975c852, name=NoDirectives, namespace=System, version=1.0, referrerDialogRequestId=0e49a8501a015cef3d782d5a902dbe8f), payload={})
2020-12-11 14:55:13.218 16266-22632/com.skt.eaa.assistant D/DirectiveSequencer: [receiveDirective]
2020-12-11 14:55:13.218 16266-28755/com.skt.eaa.assistant D/EventsService: [onNext] directive, requestMessageId={0e49a85e30015cef3d782d5acfebb90e}, messageId=0e49a85f2501196122e804e9e975c852, 
2020-12-11 14:55:13.218 16266-22632/com.skt.eaa.assistant D/DirectiveProcessor: [onDirective] Directive(attachmentManager=com.skt.nugu.sdk.core.attachment.AttachmentManager@7b3b708, header=Header(dialogRequestId=0e49a85e30015cef3d782d5a41a2fdcc, messageId=0e49a85f2501196122e804e9e975c852, name=NoDirectives, namespace=System, version=1.0, referrerDialogRequestId=0e49a8501a015cef3d782d5a902dbe8f), payload={})
2020-12-11 14:55:13.218 16266-22632/com.skt.eaa.assistant D/DirectiveSequencer: [receiveDirective]
2020-12-11 14:55:13.219 16266-22627/com.skt.eaa.assistant D/DirectiveProcessor: [processCancelingQueueLocked] cancelingQueue size : 0
