2020-12-11 14:55:13.219 16266-22632/com.skt.eaa.assistant D/DirectiveSequencer: [receiveDirective]
2020-12-11 14:55:13.219 16266-22627/com.skt.eaa.assistant D/DirectiveProcessor: [handleQueuedDirectivesLocked] handlingQueue size : 2
2020-12-11 14:55:13.219 16266-22627/com.skt.eaa.assistant D/DirectiveProcessor: [getNextUnblockedDirectiveLocked] block mediums : {0e49a8501a015cef3d782d5a902dbe8f={AUDIO=true}}
2020-12-11 14:55:13.220 16266-22627/com.skt.eaa.assistant D/NUGUauto::NuguClientManager: directiveHandlingListener.onRequested(directive:Directive(attachmentManager=com.skt.nugu.sdk.core.attachment.AttachmentManager@7b3b708, header=Header(dialogRequestId=0e49a85e30015cef3d782d5a41a2fdcc, messageId=0e49a85f2501196122e804e9e975c852, name=NoDirectives, namespace=System, version=1.0, referrerDialogRequestId=0e49a8501a015cef3d782d5a902dbe8f), payload={}))
2020-12-11 14:55:13.221 16266-22627/com.skt.eaa.assistant D/DefaultSystemCapabilityAgent: [handleDirective] DirectiveInfoImpl(directive=Directive(attachmentManager=com.skt.nugu.sdk.core.attachment.AttachmentManager@7b3b708, header=Header(dialogRequestId=0e49a85e30015cef3d782d5a41a2fdcc, messageId=0e49a85f2501196122e804e9e975c852, name=NoDirectives, namespace=System, version=1.0, referrerDialogRequestId=0e49a8501a015cef3d782d5a902dbe8f), payload={}), result=com.skt.nugu.sdk.agent.AbstractDirectiveHandler$preHandleDirective$info$1@88a9527)
2020-12-11 14:55:13.221 16266-22627/com.skt.eaa.assistant D/DirectiveProcessor: [onHandlingCompleted] messageId: 0e49a85f2501196122e804e9e975c852
2020-12-11 14:55:13.221 16266-22627/com.skt.eaa.assistant D/DirectiveProcessor: [getNextUnblockedDirectiveLocked] block mediums : {0e49a8501a015cef3d782d5a902dbe8f={AUDIO=true}}
2020-12-11 14:55:13.222 16266-22627/com.skt.eaa.assistant D/DirectiveProcessor: [handleQueuedDirectivesLocked] all queued directives are blocked {0e49a8501a015cef3d782d5a902dbe8f={AUDIO=Directive(attachmentManager=com.skt.nugu.sdk.core.attachment.AttachmentManager@7b3b708, header=Header(dialogRequestId=0e49a8501a015cef3d782d5a902dbe8f, messageId=0e49a85e1301e41921e5938ba5e527e5, name=Speak, namespace=TTS, version=1.0, referrerDialogRequestId=), payload={"playStackControl":{"type":"PUSH","playServiceId":"nugu.builtin.auto.message"},"charge":"FREE","format":"skml","text":"<skml domain=\"im\" cate=\"NUGU_Message_2\" voice=\"aria\" speed=\"100\" pause1=\"600\" pause2=\"300\">누구에게 메시지를 보낼까요?</skml>","playServiceId":"nugu.builtin.auto.message","token":"2020121114d8538272ea61482fbd6dd87cb4e19ca2"})}}
2020-12-11 14:55:13.222 16266-22627/com.skt.eaa.assistant D/DirectiveProcessor: [processCancelingQueueLocked] cancelingQueue size : 0
2020-12-11 14:55:13.222 16266-22627/com.skt.eaa.assistant D/DirectiveProcessor: [handleQueuedDirectivesLocked] handlingQueue size : 1
2020-12-11 14:55:13.222 16266-22627/com.skt.eaa.assistant D/DirectiveProcessor: [getNextUnblockedDirectiveLocked] block mediums : {0e49a8501a015cef3d782d5a902dbe8f={AUDIO=true}}
2020-12-11 14:55:13.222 16266-16266/com.skt.eaa.assistant D/NUGUauto::NuguClientManager: directiveHandlingListener.onCompleted(
    header: {
      "dialogRequestId": "0e49a85e30015cef3d782d5a41a2fdcc",
      "messageId": "0e49a85f2501196122e804e9e975c852",
      "name": "NoDirectives",
      "namespace": "System",
      "referrerDialogRequestId": "0e49a8501a015cef3d782d5a902dbe8f",
      "version": "1.0"
    }
    payload: {})
2020-12-11 14:55:13.222 16266-22627/com.skt.eaa.assistant D/DirectiveProcessor: [handleQueuedDirectivesLocked] all queued directives are blocked {0e49a8501a015cef3d782d5a902dbe8f={AUDIO=Directive(attachmentManager=com.skt.nugu.sdk.core.attachment.AttachmentManager@7b3b708, header=Header(dialogRequestId=0e49a8501a015cef3d782d5a902dbe8f, messageId=0e49a85e1301e41921e5938ba5e527e5, name=Speak, namespace=TTS, version=1.0, referrerDialogRequestId=), payload={"playStackControl":{"type":"PUSH","playServiceId":"nugu.builtin.auto.message"},"charge":"FREE","format":"skml","text":"<skml domain=\"im\" cate=\"NUGU_Message_2\" voice=\"aria\" speed=\"100\" pause1=\"600\" pause2=\"300\">누구에게 메시지를 보낼까요?</skml>","playServiceId":"nugu.builtin.auto.message","token":"2020121114d8538272ea61482fbd6dd87cb4e19ca2"})}}
2020-12-11 14:55:13.222 16266-22627/com.skt.eaa.assistant D/DirectiveProcessor: [processCancelingQueueLocked] cancelingQueue size : 0
2020-12-11 14:55:13.222 16266-22627/com.skt.eaa.assistant D/DirectiveProcessor: [handleQueuedDirectivesLocked] handlingQueue size : 1
2020-12-11 14:55:13.222 16266-22627/com.skt.eaa.assistant D/DirectiveProcessor: [getNextUnblockedDirectiveLocked] block mediums : {0e49a8501a015cef3d782d5a902dbe8f={AUDIO=true}}
2020-12-11 14:55:13.223 16266-22627/com.skt.eaa.assistant D/DirectiveProcessor: [handleQueuedDirectivesLocked] all queued directives are blocked {0e49a8501a015cef3d782d5a902dbe8f={AUDIO=Directive(attachmentManager=com.skt.nugu.sdk.core.attachment.AttachmentManager@7b3b708, header=Header(dialogRequestId=0e49a8501a015cef3d782d5a902dbe8f, messageId=0e49a85e1301e41921e5938ba5e527e5, name=Speak, namespace=TTS, version=1.0, referrerDialogRequestId=), payload={"playStackControl":{"type":"PUSH","playServiceId":"nugu.builtin.auto.message"},"charge":"FREE","format":"skml","text":"<skml domain=\"im\" cate=\"NUGU_Message_2\" voice=\"aria\" speed=\"100\" pause1=\"600\" pause2=\"300\">누구에게 메시지를 보낼까요?</skml>","playServiceId":"nugu.builtin.auto.message","token":"2020121114d8538272ea61482fbd6dd87cb4e19ca2"})}}
2020-12-11 14:55:13.226 16266-28755/com.skt.eaa.assistant D/EventsService: [onCompleted] messageId=0e49a85e30015cef3d782d5acfebb90e, numRequests=0
2020-12-11 14:55:13.226 16266-22282/com.skt.eaa.assistant D/NUGUauto::DebugLogManager: readLog() : java.io.FileNotFoundException: /storage/emulated/0/NUGUauto/2020-12-11_log.txt: open failed: ENOENT (No such file or directory)
2020-12-11 14:55:13.234 16266-22282/com.skt.eaa.assistant D/NUGUauto::DebugLogManager: writeCachedLog() : java.io.FileNotFoundException: /storage/emulated/0/NUGUauto/2020-12-11_log.txt: open failed: ENOENT (No such file or directory)
2020-12-11 14:55:13.714 16266-16266/com.skt.eaa.assistant D/AndroidMediaPlayer: [onCompletion]
2020-12-11 14:55:13.715 16266-16266/com.skt.eaa.assistant D/AsrBeepPlayer: [requestReleaseFocus] SourceId(id=41)
2020-12-11 14:55:13.715 16266-16266/com.skt.eaa.assistant D/FocusManager_Audio: [releaseChannel] ASRBeep
2020-12-11 14:55:13.716 16266-28752/com.skt.eaa.assistant D/FocusManager_Audio: [releaseChannelHelper] Channel(name=ASRBeep, priority=Priority(acquire=500, release=400)), AsrBeepPlayer_1607666112658
2020-12-11 14:55:13.716 16266-28752/com.skt.eaa.assistant D/FocusManager_Audio: [removeActiveChannel] remove:ActiveChannel(channel=Channel(name=ASRBeep, priority=Priority(acquire=500, release=400)), activatedIndex=111)
2020-12-11 14:55:13.716 16266-28752/com.skt.eaa.assistant D/Channel: [setFocus] focus: NONE, State(name=ASRBeep, focusState=BACKGROUND, interfaceName=AsrBeepPlayer_1607666112658)
2020-12-11 14:55:13.717 16266-28752/com.skt.eaa.assistant D/SeamlessFocusManager: [onFocusChanged] currentForegroundFocusInterfaceName: TTS-0e49a85e1301e41921e5938ba5e527e5
2020-12-11 14:55:13.717 16266-28752/com.skt.eaa.assistant D/AndAudioFocusInteractor: [release] focusOwner: AsrBeepPlayer_1607666112658
2020-12-11 14:55:13.863 16266-16266/com.skt.eaa.assistant E/DecorView: mWindow.mActivityCurrentConfig is null
2020-12-11 14:55:15.414 16266-28864/com.skt.eaa.assistant D/StreamAttachment: [close]
2020-12-11 14:55:15.414 16266-28864/com.skt.eaa.assistant D/AudioTrack: stop(2823): called with 51360 frames delivered
2020-12-11 14:55:15.424 16266-28864/com.skt.eaa.assistant D/OpusCodec: [~OpusCodec]
2020-12-11 14:55:15.425 16266-16266/com.skt.eaa.assistant D/NuguOpusPlayer2: [onStatusChanged] status: ENDED
2020-12-11 14:55:15.425 16266-16266/com.skt.eaa.assistant D/DefaultTTSAgent: [onPlaybackFinished] id: SourceId(id=30)
2020-12-11 14:55:15.425 16266-22803/com.skt.eaa.assistant D/DefaultTTSAgent: [executePlaybackFinished] com.skt.nugu.sdk.agent.DefaultTTSAgent$SpeakDirectiveInfo@2433037
2020-12-11 14:55:15.425 16266-22803/com.skt.eaa.assistant D/TTSPlayContextProvider: [onPlaybackFinished]
2020-12-11 14:55:15.425 16266-22803/com.skt.eaa.assistant D/DefaultTTSAgent: [setCurrentState] state: FINISHED
2020-12-11 14:55:15.426 16266-22803/com.skt.eaa.assistant D/DialogUXStateAggregator: [onStateChanged-TTS] State: FINISHED
2020-12-11 14:55:15.426 16266-22803/com.skt.eaa.assistant D/NUGUauto::NuguClientManager: ttsListener.onStateChanged(state:FINISHED, dialogRequestId:0e49a8501a015cef3d782d5a902dbe8f)
2020-12-11 14:55:15.426 16266-22803/com.skt.eaa.assistant D/PlaySynchronizer: [releaseSyncInternal] dialogRequestId: 0e49a8501a015cef3d782d5a902dbe8f ,object: com.skt.nugu.sdk.agent.DefaultTTSAgent$SpeakDirectiveInfo$playSyncObject$1@7fb2936, listener: null, immediate: false
2020-12-11 14:55:15.427 16266-22803/com.skt.eaa.assistant D/PlaySynchronizer: [releaseSyncInternal] syncContext: ContextInfo(prepared=[], started=[com.skt.nugu.sdk.agent.DefaultASRAgent$preHandleExpectSpeech$1$1@d39f30d])
2020-12-11 14:55:15.427 16266-22803/com.skt.eaa.assistant D/InterLayerDisplayPolicyManager: [onPlayFinished] com.skt.nugu.sdk.agent.DefaultTTSAgent$SpeakDirectiveInfo$layerForDisplayPolicy$1@cd38c10
2020-12-11 14:55:15.427 16266-22803/com.skt.eaa.assistant D/StreamAttachment: [close]
2020-12-11 14:55:15.427 16266-22803/com.skt.eaa.assistant D/AttachmentManager: [removeAttachment] attachmentId: 0e49a85e1301e41921e5938ba5e527e5, attachmentRemoved: null
2020-12-11 14:55:15.427 16266-22803/com.skt.eaa.assistant D/AttachmentManager: [removeStatusIfNoMoreNeedLocked] not removed - id: 0e49a85e1301e41921e5938ba5e527e5, status: null
2020-12-11 14:55:15.428 16266-22803/com.skt.eaa.assistant D/AttachmentManager: [trimTimeoutStatusLocked] removeTargets: {}
2020-12-11 14:55:15.428 16266-22803/com.skt.eaa.assistant D/DefaultTTSAgent: [onReleased] this is currentInfo
2020-12-11 14:55:15.428 16266-22803/com.skt.eaa.assistant D/DefaultTTSAgent: [executePreparePlaySpeakInfo] null
2020-12-11 14:55:15.428 16266-22803/com.skt.eaa.assistant D/DefaultTTSAgent: [executePreparePlaySpeakInfo] no prepared
2020-12-11 14:55:15.429 16266-22803/com.skt.eaa.assistant D/DefaultBluetoothAgent: [provideState] namespaceAndName: NamespaceAndName(namespace=supportedInterfaces, name=Bluetooth), contextType: COMPACT, stateRequestToken: 67
2020-12-11 14:55:15.429 16266-22803/com.skt.eaa.assistant D/MessageAgent: [provideState] namespaceAndName: NamespaceAndName(namespace=supportedInterfaces, name=Message), contextType: COMPACT, stateRequestToken: 67
2020-12-11 14:55:15.429 16266-22803/com.skt.eaa.assistant D/AudioPlayerAgent: [provideState] namespaceAndName: NamespaceAndName(namespace=supportedInterfaces, name=AudioPlayer), contextType: COMPACT, stateRequestToken: 67
2020-12-11 14:55:15.429 16266-22803/com.skt.eaa.assistant D/PhoneCallAgent: [provideState] namespaceAndName: NamespaceAndName(namespace=supportedInterfaces, name=PhoneCall), contextType: COMPACT, stateRequestToken: 67
2020-12-11 14:55:15.429 16266-22803/com.skt.eaa.assistant D/DisplayTemplateAgent: [provideState] namespaceAndName: NamespaceAndName(namespace=supportedInterfaces, name=Display), contextType: COMPACT, stateRequestToken: 67
2020-12-11 14:55:15.430 16266-22803/com.skt.eaa.assistant D/SpeakerManager: [provideState] namespaceAndName: NamespaceAndName(namespace=supportedInterfaces, name=Speaker), contextType: COMPACT, stateRequestToken: 67
2020-12-11 14:55:15.430 16266-22803/com.skt.eaa.assistant D/SessionAgent: [provideState] namespaceAndName: NamespaceAndName(namespace=supportedInterfaces, name=Session), contextType: COMPACT, stateRequestToken: 67
2020-12-11 14:55:15.430 16266-22803/com.skt.eaa.assistant D/DefaultLocationAgent: [provideState] namespaceAndName: NamespaceAndName(namespace=supportedInterfaces, name=Location), contextType: COMPACT, stateRequestToken: 67
2020-12-11 14:55:15.430 16266-22803/com.skt.eaa.assistant D/ContextManager: [setState] success - namespaceAndName: NamespaceAndName(namespace=supportedInterfaces, name=Location), state: CachedStateContext(delegate=com.skt.nugu.sdk.agent.DefaultLocationAgent$StateContext$Companion$CompactContextState$1@5ed7ffe), refreshPolicy: ALWAYS, type: COMPACT, stateRequestToken: 67
2020-12-11 14:55:15.430 16266-22803/com.skt.eaa.assistant D/PlayStackContextManager: [provideState] namespaceAndName: NamespaceAndName(namespace=client, name=playStack), contextType: COMPACT, stateRequestToken: 67
2020-12-11 14:55:15.430 16266-28747/com.skt.eaa.assistant D/SpeakerManager: [provideState]
2020-12-11 14:55:15.430 16266-22803/com.skt.eaa.assistant D/DefaultTTSAgent: [provideState] namespaceAndName: NamespaceAndName(namespace=supportedInterfaces, name=TTS), contextType: FULL, stateRequestToken: 67
2020-12-11 14:55:15.430 16266-22803/com.skt.eaa.assistant D/NUGUauto::BaseCapabilitylAgent: provideState()# [AutoRadio] start
2020-12-11 14:55:15.430 16266-22803/com.skt.eaa.assistant D/NUGUauto::AutoRadioManager: getChannelInfo()
2020-12-11 14:55:15.431 16266-25950/com.skt.eaa.assistant D/DialogUXStateAggregator: [tryEnterIdleState] true
2020-12-11 14:55:15.432 16266-22803/com.skt.eaa.assistant E/NUGUauto::AutoRadioManager: getChannelInfo()# It's not automotive.
2020-12-11 14:55:15.433 16266-22803/com.skt.eaa.assistant E/NUGUauto::AutoRadioManager: getPlayerActivity()# It's not automotive.
2020-12-11 14:55:15.433 16266-22751/com.skt.eaa.assistant D/NUGUauto::PackageHelper: getForegroundPackageName()# foregroundPackageName : com.sec.android.app.launcher
2020-12-11 14:55:15.433 16266-22803/com.skt.eaa.assistant D/NUGUauto::AutoRadioAgent: getRecentlyRadioChannelData()
2020-12-11 14:55:15.433 16266-22803/com.skt.eaa.assistant D/NUGUauto::DateTimeHelper: toDaysAsOfCurrentTime(): milliseconds must be more than 0 and less than current time
2020-12-11 14:55:15.434 16266-22751/com.skt.eaa.assistant D/NUGUauto::NuguConfigResourceManager: getAppCategory()# packageName: com.sec.android.app.launcher, appCategory: UNKNOWN
2020-12-11 14:55:15.435 16266-22803/com.skt.eaa.assistant D/NUGUauto::AgentContextPacker: init : data = {"version":"1.0","playerActivity":"STOPPED","channel":null,"recentlyPlayedChannel":{"type":"","value":""},"supportFrequencyTypes":["FM"]}
2020-12-11 14:55:15.436 16266-22803/com.skt.eaa.assistant D/NUGUauto::BaseCapabilitylAgent: provideState()# [AutoRadio] end
2020-12-11 14:55:15.436 16266-22803/com.skt.eaa.assistant D/ContextManager: [setState] success - namespaceAndName: NamespaceAndName(namespace=client, name=wakeupWord), state: CachedStateContext(delegate=com.skt.nugu.sdk.core.interfaces.context.WakeupWordContextProvider$provideState$1@f9d93d4), refreshPolicy: ALWAYS, type: COMPACT, stateRequestToken: 67
2020-12-11 14:55:15.436 16266-22803/com.skt.eaa.assistant D/BatteryAgent: [provideState] namespaceAndName: NamespaceAndName(namespace=supportedInterfaces, name=Battery), contextType: COMPACT, stateRequestToken: 67
2020-12-11 14:55:15.436 16266-22803/com.skt.eaa.assistant D/ContextManager: [setState] success - namespaceAndName: NamespaceAndName(namespace=supportedInterfaces, name=Battery), state: CachedStateContext(delegate=com.skt.nugu.sdk.agent.battery.DefaultBatteryAgent$StateContext$Companion$CompactContextState$1@c0061ac), refreshPolicy: ALWAYS, type: COMPACT, stateRequestToken: 67
2020-12-11 14:55:15.436 16266-22803/com.skt.eaa.assistant D/NUGUauto::BaseCapabilitylAgent: provideState()# [AutoCarControlEAA] start
2020-12-11 14:55:15.436 16266-22803/com.skt.eaa.assistant D/NUGUauto::AutoCarControlEaaAgent: onProvideState() {"version":"1.0","properties":[]}
2020-12-11 14:55:15.436 16266-22803/com.skt.eaa.assistant D/NUGUauto::AgentContextPacker: init : data = {"version":"1.0","properties":[]}
2020-12-11 14:55:15.437 16266-22803/com.skt.eaa.assistant D/NUGUauto::BaseCapabilitylAgent: provideState()# [AutoCarControlEAA] end
2020-12-11 14:55:15.437 16266-22803/com.skt.eaa.assistant D/NUGUauto::BaseCapabilitylAgent: provideState()# [NuguAuto] start
2020-12-11 14:55:15.456 16266-22803/com.skt.eaa.assistant W/NUGUauto::MediaHelper: [Exception] java.lang.SecurityException: Missing permission to control media.
        at android.os.Parcel.createException(Parcel.java:2088)
        at android.os.Parcel.readException(Parcel.java:2056)
        at android.os.Parcel.readException(Parcel.java:2004)
        at android.media.session.ISessionManager$Stub$Proxy.getSessions(ISessionManager.java:611)
        at android.media.session.MediaSessionManager.getActiveSessionsForUser(MediaSessionManager.java:187)
        at android.media.session.MediaSessionManager.getActiveSessions(MediaSessionManager.java:166)
        at com.skt.eaa.assistant.utils.MediaHelper.getActiveMediaSessions(MediaHelper.kt:31)
        at com.skt.eaa.assistant.utils.MediaHelper.getMediaSessionState(MediaHelper.kt:37)
        at com.skt.eaa.assistant.capability.agent.NuguAutoAgent.onProvideState(NuguAutoAgent.kt:55)
        at com.skt.eaa.assistant.capability.agent.BaseCapabilitylAgent.provideState(BaseCapabilitylAgent.kt:47)
        at com.skt.nugu.sdk.core.context.ContextManager.getContext(ContextManager.kt:218)
        at com.skt.nugu.sdk.core.interfaces.context.ContextGetterInterface$DefaultImpls.getContext$default(ContextManagerInterface.kt:21)
        at com.skt.nugu.sdk.agent.DefaultTTSAgent.sendEventWithToken(DefaultTTSAgent.kt:1008)
        at com.skt.nugu.sdk.agent.DefaultTTSAgent.sendPlaybackEvent(DefaultTTSAgent.kt:881)
        at com.skt.nugu.sdk.agent.DefaultTTSAgent.executePlaybackFinished(DefaultTTSAgent.kt:956)
        at com.skt.nugu.sdk.agent.DefaultTTSAgent.access$executePlaybackFinished(DefaultTTSAgent.kt:60)
        at com.skt.nugu.sdk.agent.DefaultTTSAgent$onPlaybackFinished$2.invoke(DefaultTTSAgent.kt:839)
        at com.skt.nugu.sdk.agent.DefaultTTSAgent$onPlaybackFinished$2.invoke(DefaultTTSAgent.kt:60)
        at com.skt.nugu.sdk.agent.DefaultTTSAgent$executeOnPlaybackEvent$2.run(DefaultTTSAgent.kt:866)
        at java.util.concurrent.Executors$RunnableAdapter.call(Executors.java:462)
        at java.util.concurrent.FutureTask.run(FutureTask.java:266)
        at java.util.concurrent.ThreadPoolExecutor.runWorker(ThreadPoolExecutor.java:1167)
        at java.util.concurrent.ThreadPoolExecutor$Worker.run(ThreadPoolExecutor.java:641)
        at java.lang.Thread.run(Thread.java:919)
2020-12-11 14:55:15.458 16266-22803/com.skt.eaa.assistant D/NUGUauto::PackageHelper: getForegroundPackageName()# foregroundPackageName : com.sec.android.app.launcher
2020-12-11 14:55:15.458 16266-22803/com.skt.eaa.assistant D/NUGUauto::NuguConfigResourceManager: getAppCategory()# packageName: com.sec.android.app.launcher, appCategory: UNKNOWN
2020-12-11 14:55:15.458 16266-22803/com.skt.eaa.assistant D/NUGUauto::AgentContextPacker: init : data = {"version":"1.0","foregroundAppCategory":"UNKNOWN","applicationPermissions":[{"name":"LOCATION","state":"GRANTED"},{"name":"CALL","state":"GRANTED"},{"name":"MESSAGE","state":"GRANTED"},{"name":"CALL_HISTORY","state":"GRANTED"},{"name":"MICROPHONE","state":"GRANTED"},{"name":"PHONEBOOK","state":"GRANTED"}],"mediaState":"NONE"}
2020-12-11 14:55:15.458 16266-22803/com.skt.eaa.assistant D/NUGUauto::BaseCapabilitylAgent: provideState()# [NuguAuto] end
2020-12-11 14:55:15.459 16266-22803/com.skt.eaa.assistant D/DefaultExtensionAgent: [provideState] namespaceAndName: NamespaceAndName(namespace=supportedInterfaces, name=Extension), contextType: COMPACT, stateRequestToken: 67
2020-12-11 14:55:15.459 16266-22803/com.skt.eaa.assistant D/ContextManager: [setState] success - namespaceAndName: NamespaceAndName(namespace=supportedInterfaces, name=Extension), state: CachedStateContext(delegate=com.skt.nugu.sdk.agent.DefaultExtensionAgent$StateContext$Companion$CompactContextState$1@f42e75), refreshPolicy: ALWAYS, type: COMPACT, stateRequestToken: 67
2020-12-11 14:55:15.459 16266-22803/com.skt.eaa.assistant D/ContextManager: [setState] success - namespaceAndName: NamespaceAndName(namespace=supportedInterfaces, name=TTS), state: CachedStateContext(delegate=StateContext(state=FINISHED, token=2020121114d8538272ea61482fbd6dd87cb4e19ca2)), refreshPolicy: ALWAYS, type: FULL, stateRequestToken: 67
2020-12-11 14:55:15.460 16266-28745/com.skt.eaa.assistant D/ContextManager: [setState] success - namespaceAndName: NamespaceAndName(namespace=supportedInterfaces, name=Bluetooth), state: CachedStateContext(delegate=com.skt.nugu.sdk.agent.DefaultBluetoothAgent$StateContext$Companion$CompactContextState$1@19d9e0a), refreshPolicy: ALWAYS, type: COMPACT, stateRequestToken: 67
2020-12-11 14:55:15.460 16266-22830/com.skt.eaa.assistant D/ContextManager: [setState] success - namespaceAndName: NamespaceAndName(namespace=supportedInterfaces, name=Message), state: CachedStateContext(delegate=com.skt.nugu.sdk.agent.ext.message.MessageAgent$StateContext$Companion$CompactContextState$1@bff867b), refreshPolicy: ALWAYS, type: COMPACT, stateRequestToken: 67
2020-12-11 14:55:15.460 16266-22703/com.skt.eaa.assistant D/ContextManager: [setState] success - namespaceAndName: NamespaceAndName(namespace=supportedInterfaces, name=AudioPlayer), state: CachedStateContext(delegate=com.skt.nugu.sdk.agent.DefaultAudioPlayerAgent$StateContext$Companion$CompactContextState$1@4e7ec98), refreshPolicy: ALWAYS, type: COMPACT, stateRequestToken: 67
2020-12-11 14:55:15.461 16266-28746/com.skt.eaa.assistant D/ContextManager: [setState] success - namespaceAndName: NamespaceAndName(namespace=supportedInterfaces, name=PhoneCall), state: CachedStateContext(delegate=com.skt.nugu.sdk.agent.ext.phonecall.PhoneCallAgent$StateContext$Companion$CompactContextState$1@6663cf1), refreshPolicy: ALWAYS, type: COMPACT, stateRequestToken: 67
2020-12-11 14:55:15.462 16266-22790/com.skt.eaa.assistant D/ContextManager: [setState] success - namespaceAndName: NamespaceAndName(namespace=supportedInterfaces, name=Display), state: CachedStateContext(delegate=com.skt.nugu.sdk.agent.DefaultDisplayAgent$StateContext$Companion$CompactContextState$1@37f90d6), refreshPolicy: ALWAYS, type: COMPACT, stateRequestToken: 67
2020-12-11 14:55:15.463 16266-22790/com.skt.eaa.assistant D/DisplayTemplateAgent: [getPlayContext] null
2020-12-11 14:55:15.463 16266-28747/com.skt.eaa.assistant D/ContextManager: [setState] success - namespaceAndName: NamespaceAndName(namespace=supportedInterfaces, name=Speaker), state: CachedStateContext(delegate=com.skt.nugu.sdk.agent.DefaultSpeakerAgent$StateContext$Companion$CompactContextState$1@6f60f57), refreshPolicy: ALWAYS, type: COMPACT, stateRequestToken: 67
2020-12-11 14:55:15.464 16266-22751/com.skt.eaa.assistant D/DisplayPlayStackManager: [getPlayStack] provided : [], oldestTimestampOfPlayContext: 9223372036854775807
2020-12-11 14:55:15.464 16266-22751/com.skt.eaa.assistant D/DisplayPlayStackManager: [getPlayStack] shouldBeExcluded : []
2020-12-11 14:55:15.464 16266-22751/com.skt.eaa.assistant D/DisplayPlayStackManager: [getPlayStack] []
2020-12-11 14:55:15.464 16266-22751/com.skt.eaa.assistant D/DefaultTTSAgent: [getPlayContext] PlayContext(playServiceId=nugu.builtin.auto.message, timestamp=1607666113071, isBackground=false, persistent=false, affectPersistent=true)
2020-12-11 14:55:15.464 16266-22751/com.skt.eaa.assistant D/NUGUauto::NuguAppPlayStackManager: getSoundPlayContext()# namespace : AutoRadio, soundPlayContext: null
2020-12-11 14:55:15.465 16266-22751/com.skt.eaa.assistant D/AudioPlayStackManager: [getPlayStack] provided : [PlayContext(playServiceId=nugu.builtin.auto.message, timestamp=1607666113071, isBackground=false, persistent=false, affectPersistent=true)], oldestTimestampOfPlayContext: 1607666113071
2020-12-11 14:55:15.465 16266-22751/com.skt.eaa.assistant D/AudioPlayStackManager: [getPlayStack] shouldBeExcluded : []
2020-12-11 14:55:15.465 16266-22751/com.skt.eaa.assistant D/AudioPlayStackManager: [getPlayStack] [PlayStackContext(playServiceId=nugu.builtin.auto.message, timestamp=1607666113071, isBackground=false)]
2020-12-11 14:55:15.465 16266-22751/com.skt.eaa.assistant D/PlayStackContextManager: [buildPlayStack] playStack: [nugu.builtin.auto.message], foregroundPlayStackMap: {PlayStackContext(playServiceId=nugu.builtin.auto.message, timestamp=1607666113071, isBackground=false)=nugu.builtin.auto.message}, backgroundPlayStackMap: {}
2020-12-11 14:55:15.465 16266-22751/com.skt.eaa.assistant D/ContextManager: [setState] success - namespaceAndName: NamespaceAndName(namespace=client, name=playStack), state: CachedStateContext(delegate=StateContext(playStack=[nugu.builtin.auto.message])), refreshPolicy: ALWAYS, type: COMPACT, stateRequestToken: 67
2020-12-11 14:55:15.465 16266-28748/com.skt.eaa.assistant D/ContextManager: [setState] success - namespaceAndName: NamespaceAndName(namespace=supportedInterfaces, name=Session), state: CachedStateContext(delegate=com.skt.nugu.sdk.agent.session.SessionAgent$StateContext$Companion$CompactContextState$1@3bb3a44), refreshPolicy: ALWAYS, type: COMPACT, stateRequestToken: 67
2020-12-11 14:55:15.466 16266-28749/com.skt.eaa.assistant D/ContextManager: [setState] success - namespaceAndName: NamespaceAndName(namespace=supportedInterfaces, name=AutoRadio), state: CachedStateContext(delegate=com.skt.eaa.assistant.capability.agent.BaseCapabilitylAgent$provideState$$inlined$run$lambda$1$1@31ab97d), refreshPolicy: ALWAYS, type: COMPACT, stateRequestToken: 67
2020-12-11 14:55:15.466 16266-28750/com.skt.eaa.assistant D/ContextManager: [setState] success - namespaceAndName: NamespaceAndName(namespace=supportedInterfaces, name=AutoCarControlEAA), state: CachedStateContext(delegate=com.skt.eaa.assistant.capability.agent.BaseCapabilitylAgent$provideState$$inlined$run$lambda$1$1@a934072), refreshPolicy: ALWAYS, type: COMPACT, stateRequestToken: 67
2020-12-11 14:55:15.466 16266-28751/com.skt.eaa.assistant D/ContextManager: [setState] success - namespaceAndName: NamespaceAndName(namespace=supportedInterfaces, name=NuguAuto), state: CachedStateContext(delegate=com.skt.eaa.assistant.capability.agent.BaseCapabilitylAgent$provideState$$inlined$run$lambda$1$1@8815cc3), refreshPolicy: ALWAYS, type: COMPACT, stateRequestToken: 67
2020-12-11 14:55:15.467 16266-28744/com.skt.eaa.assistant D/ContextManager: [setState] onContextAvailable token: 67
2020-12-11 14:55:15.467 16266-28744/com.skt.eaa.assistant D/ContextManager: [buildContext] target: NamespaceAndName(namespace=supportedInterfaces, name=TTS), given: null
2020-12-11 14:55:15.467 16266-28744/com.skt.eaa.assistant D/IgnoreErrorContextRequestor: [onContextAvailable] {"client":{"os":"Android","wakeupWord":"팅커벨","playStack":["nugu.builtin.auto.message"]},"supportedInterfaces":{"ASR":{"version":"1.4"},"Bluetooth":{"version":"1.1"},"NuguAuto":{"version":"1.0","foregroundAppCategory":"UNKNOWN","applicationPermissions":[{"name":"LOCATION","state":"GRANTED"},{"name":"CALL","state":"GRANTED"},{"name":"MESSAGE","state":"GRANTED"},{"name":"CALL_HISTORY","state":"GRANTED"},{"name":"MICROPHONE","state":"GRANTED"},{"name":"PHONEBOOK","state":"GRANTED"}],"mediaState":"NONE"},"Message":{"version":"1.3"},"Chips":{"version":"1.1"},"AudioPlayer":{"version":"1.5"},"Text":{"version":"1.5"},"Sound":{"version":"1.0"},"System":{"version":"1.3"},"AutoCarControlEAA":{"version":"1.0","properties":[]},"Extension":{"version":"1.1"},"Utility":{"version":"1.0"},"TTS":{"version":"1.3","ttsActivity":"FINISHED","token":"2020121114d8538272ea61482fbd6dd87cb4e19ca2"},"Battery":{"version":"1.0"},"PhoneCall":{"version":"1.2"},"AutoRadio":{"version":"1.0","playerActivity":"STOPPED","channel":null,"recentlyPlayedChannel":{"type":"","value":""},"supportFrequencyTypes":["FM"]},"Location":{"version":"1.0"},"Display":{"version":"1.6"},"Session":{"version":"1.0"},"Speaker":{"version":"1.2"}}}
2020-12-11 14:55:15.472 16266-28744/com.skt.eaa.assistant D/EventsService: [onNext] event=TTS.SpeechFinished, messageId=0e49a86764015cef3d782d5aae0c2edf
2020-12-11 14:55:15.474 16266-28744/com.skt.eaa.assistant D/DeviceGatewayClient: sendMessage : EventMessageRequest(messageId=0e49a86764015cef3d782d5aae0c2edf, dialogRequestId=0e49a86764015cef3d782d5a43302ffc, context={"client":{"os":"Android","wakeupWord":"팅커벨","playStack":["nugu.builtin.auto.message"]},"supportedInterfaces":{"ASR":{"version":"1.4"},"Bluetooth":{"version":"1.1"},"NuguAuto":{"version":"1.0","foregroundAppCategory":"UNKNOWN","applicationPermissions":[{"name":"LOCATION","state":"GRANTED"},{"name":"CALL","state":"GRANTED"},{"name":"MESSAGE","state":"GRANTED"},{"name":"CALL_HISTORY","state":"GRANTED"},{"name":"MICROPHONE","state":"GRANTED"},{"name":"PHONEBOOK","state":"GRANTED"}],"mediaState":"NONE"},"Message":{"version":"1.3"},"Chips":{"version":"1.1"},"AudioPlayer":{"version":"1.5"},"Text":{"version":"1.5"},"Sound":{"version":"1.0"},"System":{"version":"1.3"},"AutoCarControlEAA":{"version":"1.0","properties":[]},"Extension":{"version":"1.1"},"Utility":{"version":"1.0"},"TTS":{"version":"1.3","ttsActivity":"FINISHED","token":"2020121114d8538272ea61482fbd6dd87cb4e19ca2"},"Battery":{"version":"1.0"},"PhoneCall":{"version":"1.2"},"AutoRadio":{"version":"1.0","playerActivity":"STOPPED","channel":null,"recentlyPlayedChannel":{"type":"","value":""},"supportFrequencyTypes":["FM"]},"Location":{"version":"1.0"},"Display":{"version":"1.6"},"Session":{"version":"1.0"},"Speaker":{"version":"1.2"}}}, namespace=TTS, name=SpeechFinished, version=1.3, payload={"playServiceId":"nugu.builtin.auto.message","token":"2020121114d8538272ea61482fbd6dd87cb4e19ca2"}, referrerDialogRequestId=0e49a8501a015cef3d782d5a902dbe8f), result : true
2020-12-11 14:55:15.474 16266-28744/com.skt.eaa.assistant D/DefaultTTSAgent: [sendEventWithToken] EventMessageRequest(messageId=0e49a86764015cef3d782d5aae0c2edf, dialogRequestId=0e49a86764015cef3d782d5a43302ffc, context={"client":{"os":"Android","wakeupWord":"팅커벨","playStack":["nugu.builtin.auto.message"]},"supportedInterfaces":{"ASR":{"version":"1.4"},"Bluetooth":{"version":"1.1"},"NuguAuto":{"version":"1.0","foregroundAppCategory":"UNKNOWN","applicationPermissions":[{"name":"LOCATION","state":"GRANTED"},{"name":"CALL","state":"GRANTED"},{"name":"MESSAGE","state":"GRANTED"},{"name":"CALL_HISTORY","state":"GRANTED"},{"name":"MICROPHONE","state":"GRANTED"},{"name":"PHONEBOOK","state":"GRANTED"}],"mediaState":"NONE"},"Message":{"version":"1.3"},"Chips":{"version":"1.1"},"AudioPlayer":{"version":"1.5"},"Text":{"version":"1.5"},"Sound":{"version":"1.0"},"System":{"version":"1.3"},"AutoCarControlEAA":{"version":"1.0","properties":[]},"Extension":{"version":"1.1"},"Utility":{"version":"1.0"},"TTS":{"version":"1.3","ttsActivity":"FINISHED","token":"2020121114d8538272ea61482fbd6dd87cb4e19ca2"},"Battery":{"version":"1.0"},"PhoneCall":{"version":"1.2"},"AutoRadio":{"version":"1.0","playerActivity":"STOPPED","channel":null,"recentlyPlayedChannel":{"type":"","value":""},"supportFrequencyTypes":["FM"]},"Location":{"version":"1.0"},"Display":{"version":"1.6"},"Session":{"version":"1.0"},"Speaker":{"version":"1.2"}}}, namespace=TTS, name=SpeechFinished, version=1.3, payload={"playServiceId":"nugu.builtin.auto.message","token":"2020121114d8538272ea61482fbd6dd87cb4e19ca2"}, referrerDialogRequestId=0e49a8501a015cef3d782d5a902dbe8f)
2020-12-11 14:55:15.588 16266-28755/com.skt.eaa.assistant D/HeaderClientInterceptor: header received from server:Metadata(content-type=application/grpc,grpc-encoding=identity,grpc-accept-encoding=gzip)
2020-12-11 14:55:15.592 16266-28755/com.skt.eaa.assistant D/MessageDispatcher: [receiveDirectives] [DirectiveMessage(header=Header(dialogRequestId=0e49a86764015cef3d782d5a43302ffc, messageId=0e49a8686b012bf0985276e8f463d20e, name=NoDirectives, namespace=System, version=1.0, referrerDialogRequestId=0e49a8501a015cef3d782d5a902dbe8f), payload={})]
2020-12-11 14:55:15.593 16266-28755/com.skt.eaa.assistant D/DirectiveSequencer: [onDirective] : Directive(attachmentManager=com.skt.nugu.sdk.core.attachment.AttachmentManager@7b3b708, header=Header(dialogRequestId=0e49a86764015cef3d782d5a43302ffc, messageId=0e49a8686b012bf0985276e8f463d20e, name=NoDirectives, namespace=System, version=1.0, referrerDialogRequestId=0e49a8501a015cef3d782d5a902dbe8f), payload={})
2020-12-11 14:55:15.593 16266-28755/com.skt.eaa.assistant D/EventsService: [onNext] directive, requestMessageId={0e49a86764015cef3d782d5aae0c2edf}, messageId=0e49a8686b012bf0985276e8f463d20e, 
2020-12-11 14:55:15.593 16266-22632/com.skt.eaa.assistant D/DirectiveSequencer: [receiveDirective]
2020-12-11 14:55:15.593 16266-22632/com.skt.eaa.assistant D/DirectiveProcessor: [onDirective] Directive(attachmentManager=com.skt.nugu.sdk.core.attachment.AttachmentManager@7b3b708, header=Header(dialogRequestId=0e49a86764015cef3d782d5a43302ffc, messageId=0e49a8686b012bf0985276e8f463d20e, name=NoDirectives, namespace=System, version=1.0, referrerDialogRequestId=0e49a8501a015cef3d782d5a902dbe8f), payload={})
2020-12-11 14:55:15.593 16266-28755/com.skt.eaa.assistant D/EventsService: [onCompleted] messageId=0e49a86764015cef3d782d5aae0c2edf, numRequests=0
2020-12-11 14:55:15.594 16266-22632/com.skt.eaa.assistant D/DirectiveSequencer: [receiveDirective]
2020-12-11 14:55:15.594 16266-22632/com.skt.eaa.assistant D/DirectiveSequencer: [receiveDirective]
2020-12-11 14:55:15.594 16266-22627/com.skt.eaa.assistant D/DirectiveProcessor: [processCancelingQueueLocked] cancelingQueue size : 0
2020-12-11 14:55:15.594 16266-22803/com.skt.eaa.assistant D/SeamlessFocusManager: [release] acquire group channel before release requester
2020-12-11 14:55:15.594 16266-22627/com.skt.eaa.assistant D/DirectiveProcessor: [handleQueuedDirectivesLocked] handlingQueue size : 2
2020-12-11 14:55:15.594 16266-22627/com.skt.eaa.assistant D/DirectiveProcessor: [getNextUnblockedDirectiveLocked] block mediums : {0e49a8501a015cef3d782d5a902dbe8f={AUDIO=true}}
2020-12-11 14:55:15.594 16266-22803/com.skt.eaa.assistant D/FocusManager_Audio: [releaseChannel] Dialog
2020-12-11 14:55:15.594 16266-22803/com.skt.eaa.assistant D/SeamlessFocusManager: [release] requester: com.skt.nugu.sdk.agent.DefaultTTSAgent$SpeakDirectiveInfo@2433037, channel, Channel(channelName=Dialog, channelObserver=com.skt.nugu.sdk.agent.DefaultTTSAgent$SpeakDirectiveInfo$focusChannel$1@2c8a2c2, interfaceName=TTS-0e49a85e1301e41921e5938ba5e527e5, finishListener=null), removed: false
2020-12-11 14:55:15.594 16266-22627/com.skt.eaa.assistant D/NUGUauto::NuguClientManager: directiveHandlingListener.onRequested(directive:Directive(attachmentManager=com.skt.nugu.sdk.core.attachment.AttachmentManager@7b3b708, header=Header(dialogRequestId=0e49a86764015cef3d782d5a43302ffc, messageId=0e49a8686b012bf0985276e8f463d20e, name=NoDirectives, namespace=System, version=1.0, referrerDialogRequestId=0e49a8501a015cef3d782d5a902dbe8f), payload={}))
2020-12-11 14:55:15.594 16266-22803/com.skt.eaa.assistant D/DirectiveProcessor: [onHandlingCompleted] messageId: 0e49a85e1301e41921e5938ba5e527e5
2020-12-11 14:55:15.594 16266-22803/com.skt.eaa.assistant D/DirectiveProcessor: [removeDirectiveLocked] AUDIO blocking lock removed
2020-12-11 14:55:15.594 16266-22627/com.skt.eaa.assistant D/DefaultSystemCapabilityAgent: [handleDirective] DirectiveInfoImpl(directive=Directive(attachmentManager=com.skt.nugu.sdk.core.attachment.AttachmentManager@7b3b708, header=Header(dialogRequestId=0e49a86764015cef3d782d5a43302ffc, messageId=0e49a8686b012bf0985276e8f463d20e, name=NoDirectives, namespace=System, version=1.0, referrerDialogRequestId=0e49a8501a015cef3d782d5a902dbe8f), payload={}), result=com.skt.nugu.sdk.agent.AbstractDirectiveHandler$preHandleDirective$info$1@5d0f1be)
2020-12-11 14:55:15.595 16266-22627/com.skt.eaa.assistant D/DirectiveProcessor: [onHandlingCompleted] messageId: 0e49a8686b012bf0985276e8f463d20e
2020-12-11 14:55:15.595 16266-22627/com.skt.eaa.assistant D/DirectiveProcessor: [getNextUnblockedDirectiveLocked] block mediums : {}
2020-12-11 14:55:15.595 16266-22627/com.skt.eaa.assistant D/NUGUauto::NuguClientManager: directiveHandlingListener.onRequested(directive:Directive(attachmentManager=com.skt.nugu.sdk.core.attachment.AttachmentManager@7b3b708, header=Header(dialogRequestId=0e49a8501a015cef3d782d5a902dbe8f, messageId=0e49a85e1301e41921e5938b38314564, name=ExpectSpeech, namespace=ASR, version=1.0, referrerDialogRequestId=), payload={"playStackControl":{"type":"PUSH","playServiceId":"nugu.builtin.auto.message"},"charge":"FREE","timeoutInMilliseconds":7000,"sessionId":"1607666112926d4756b0fdb2d47b6bc760f39ab941f30","playServiceId":"nugu.builtin.auto.message"}))
2020-12-11 14:55:15.595 16266-22627/com.skt.eaa.assistant D/DefaultASRAgent: [handleDirective] DirectiveInfoImpl(directive=Directive(attachmentManager=com.skt.nugu.sdk.core.attachment.AttachmentManager@7b3b708, header=Header(dialogRequestId=0e49a8501a015cef3d782d5a902dbe8f, messageId=0e49a85e1301e41921e5938b38314564, name=ExpectSpeech, namespace=ASR, version=1.0, referrerDialogRequestId=), payload={"playStackControl":{"type":"PUSH","playServiceId":"nugu.builtin.auto.message"},"charge":"FREE","timeoutInMilliseconds":7000,"sessionId":"1607666112926d4756b0fdb2d47b6bc760f39ab941f30","playServiceId":"nugu.builtin.auto.message"}), result=com.skt.nugu.sdk.agent.AbstractDirectiveHandler$preHandleDirective$info$1@d679a4)
2020-12-11 14:55:15.595 16266-22627/com.skt.eaa.assistant D/DefaultASRAgent: [handleExpectSpeechDirective] DirectiveInfoImpl(directive=Directive(attachmentManager=com.skt.nugu.sdk.core.attachment.AttachmentManager@7b3b708, header=Header(dialogRequestId=0e49a8501a015cef3d782d5a902dbe8f, messageId=0e49a85e1301e41921e5938b38314564, name=ExpectSpeech, namespace=ASR, version=1.0, referrerDialogRequestId=), payload={"playStackControl":{"type":"PUSH","playServiceId":"nugu.builtin.auto.message"},"charge":"FREE","timeoutInMilliseconds":7000,"sessionId":"1607666112926d4756b0fdb2d47b6bc760f39ab941f30","playServiceId":"nugu.builtin.auto.message"}), result=com.skt.nugu.sdk.agent.AbstractDirectiveHandler$preHandleDirective$info$1@d679a4)
2020-12-11 14:55:15.595 16266-22627/com.skt.eaa.assistant D/DirectiveProcessor: [processCancelingQueueLocked] cancelingQueue size : 0
2020-12-11 14:55:15.596 16266-22627/com.skt.eaa.assistant D/DirectiveProcessor: [processCancelingQueueLocked] cancelingQueue size : 0
2020-12-11 14:55:15.596 16266-28752/com.skt.eaa.assistant D/Channel: [setFocus] focus: NONE, State(name=Interaction, focusState=NONE, interfaceName=FocusHolder)
2020-12-11 14:55:15.596 16266-28752/com.skt.eaa.assistant D/FocusManager_Audio: [setChannelFocus] Channel(name=Interaction, priority=Priority(acquire=10, release=10000)), NONE
2020-12-11 14:55:15.596 16266-28752/com.skt.eaa.assistant D/FocusManager_Audio: [acquireChannelHelper] Channel(name=Interaction, priority=Priority(acquire=10, release=10000)), FocusHolder, foreground: Dialog
2020-12-11 14:55:15.596 16266-28752/com.skt.eaa.assistant D/FocusManager_Audio: [acquireChannelHelper] create & added at active: ActiveChannel(channel=Channel(name=Interaction, priority=Priority(acquire=10, release=10000)), activatedIndex=114)
2020-12-11 14:55:15.596 16266-28752/com.skt.eaa.assistant D/FocusManager_Audio: [ActiveChannel(channel=Channel(name=Dialog, priority=Priority(acquire=200, release=300)), activatedIndex=113), ActiveChannel(channel=Channel(name=Interaction, priority=Priority(acquire=10, release=10000)), activatedIndex=114)]
2020-12-11 14:55:15.596 16266-28752/com.skt.eaa.assistant D/Channel: [setFocus] focus: BACKGROUND, State(name=Dialog, focusState=FOREGROUND, interfaceName=TTS-0e49a85e1301e41921e5938ba5e527e5)
2020-12-11 14:55:15.596 16266-28752/com.skt.eaa.assistant D/DefaultTTSAgent: [onFocusChanged] newFocus: BACKGROUND
2020-12-11 14:55:15.597 16266-22816/com.skt.eaa.assistant D/AudioSourceManager: [acquireAudioInputStream] consumer: com.skt.nugu.sdk.agent.DefaultASRAgent@9388e29 / consumers: 1
2020-12-11 14:55:15.597 16266-22816/com.skt.eaa.assistant D/DefaultASRAgent: [setState] EXPECTING_SPEECH
2020-12-11 14:55:15.597 16266-22816/com.skt.eaa.assistant D/DialogUXStateAggregator: [onStateChanged-ASR] state: EXPECTING_SPEECH
2020-12-11 14:55:15.597 16266-22816/com.skt.eaa.assistant D/DefaultASRAgent: [executeStartRecognition] state: EXPECTING_SPEECH
2020-12-11 14:55:15.597 16266-22816/com.skt.eaa.assistant D/DefaultBluetoothAgent: [provideState] namespaceAndName: NamespaceAndName(namespace=supportedInterfaces, name=Bluetooth), contextType: FULL, stateRequestToken: 68
2020-12-11 14:55:15.598 16266-22816/com.skt.eaa.assistant D/MessageAgent: [provideState] namespaceAndName: NamespaceAndName(namespace=supportedInterfaces, name=Message), contextType: FULL, stateRequestToken: 68
2020-12-11 14:55:15.598 16266-28745/com.skt.eaa.assistant D/NUGUauto::NuguBluetoothProvider: device()
2020-12-11 14:55:15.598 16266-22816/com.skt.eaa.assistant D/AudioPlayerAgent: [provideState] namespaceAndName: NamespaceAndName(namespace=supportedInterfaces, name=AudioPlayer), contextType: FULL, stateRequestToken: 68
2020-12-11 14:55:15.598 16266-22816/com.skt.eaa.assistant D/PhoneCallAgent: [provideState] namespaceAndName: NamespaceAndName(namespace=supportedInterfaces, name=PhoneCall), contextType: FULL, stateRequestToken: 68
2020-12-11 14:55:15.598 16266-22816/com.skt.eaa.assistant D/DisplayTemplateAgent: [provideState] namespaceAndName: NamespaceAndName(namespace=supportedInterfaces, name=Display), contextType: FULL, stateRequestToken: 68
2020-12-11 14:55:15.598 16266-22816/com.skt.eaa.assistant D/SpeakerManager: [provideState] namespaceAndName: NamespaceAndName(namespace=supportedInterfaces, name=Speaker), contextType: FULL, stateRequestToken: 68
2020-12-11 14:55:15.598 16266-22816/com.skt.eaa.assistant D/SessionAgent: [provideState] namespaceAndName: NamespaceAndName(namespace=supportedInterfaces, name=Session), contextType: FULL, stateRequestToken: 68
2020-12-11 14:55:15.598 16266-22830/com.skt.eaa.assistant I/NUGUauto::NuguMessageClient: getContext()) recipientIntended=RecipientIntended(name=모현호, label=null), candidates=[Contact(name=모현호님/AI Convergence개발Cell, type=CONTACT, number=null, label=null, profileImgUrl=null, message=null, time=null, numInMessageHistory=0, token=CONTACT_8438, score=0.70003116)]
2020-12-11 14:55:15.598 16266-22816/com.skt.eaa.assistant D/DefaultLocationAgent: [provideState] namespaceAndName: NamespaceAndName(namespace=supportedInterfaces, name=Location), contextType: FULL, stateRequestToken: 68
2020-12-11 14:55:15.599 16266-28747/com.skt.eaa.assistant D/SpeakerManager: [provideState]
2020-12-11 14:55:15.600 16266-22282/com.skt.eaa.assistant D/NUGUauto::DebugLogManager: readLog() : java.io.FileNotFoundException: /storage/emulated/0/NUGUauto/2020-12-11_log.txt: open failed: ENOENT (No such file or directory)
2020-12-11 14:55:15.601 16266-22816/com.skt.eaa.assistant D/NUGUauto::NuguLocationProvider: getLocation()# location : latitude : 37.5665708, longitude : 126.9851665, date : 2020. 12. 11. 오후 2:52:15
2020-12-11 14:55:15.601 16266-22816/com.skt.eaa.assistant D/ContextManager: [setState] success - namespaceAndName: NamespaceAndName(namespace=supportedInterfaces, name=Location), state: CachedStateContext(delegate=StateContext(location=Location(latitude=37.5665708, longitude=126.9851665))), refreshPolicy: ALWAYS, type: FULL, stateRequestToken: 68
2020-12-11 14:55:15.601 16266-22816/com.skt.eaa.assistant D/PlayStackContextManager: [provideState] namespaceAndName: NamespaceAndName(namespace=client, name=playStack), contextType: FULL, stateRequestToken: 68
2020-12-11 14:55:15.602 16266-22816/com.skt.eaa.assistant D/DefaultTTSAgent: [provideState] namespaceAndName: NamespaceAndName(namespace=supportedInterfaces, name=TTS), contextType: FULL, stateRequestToken: 68
2020-12-11 14:55:15.602 16266-22816/com.skt.eaa.assistant D/NUGUauto::BaseCapabilitylAgent: provideState()# [AutoRadio] start
2020-12-11 14:55:15.602 16266-22816/com.skt.eaa.assistant D/NUGUauto::AutoRadioManager: getChannelInfo()
2020-12-11 14:55:15.603 16266-28752/com.skt.eaa.assistant D/SeamlessFocusManager: [onFocusChanged] currentForegroundFocusInterfaceName: null
2020-12-11 14:55:15.603 16266-28752/com.skt.eaa.assistant D/Channel: [setFocus] focus: FOREGROUND, State(name=Interaction, focusState=NONE, interfaceName=FocusHolder)
2020-12-11 14:55:15.603 16266-28752/com.skt.eaa.assistant D/SeamlessFocusManager: [onFocusChanged] newFocus: FOREGROUND
2020-12-11 14:55:15.603 16266-28752/com.skt.eaa.assistant D/SeamlessFocusManager: [onFocusChanged] currentForegroundFocusInterfaceName: FocusHolder
2020-12-11 14:55:15.603 16266-28752/com.skt.eaa.assistant D/AndAudioFocusInteractor: [acquire] focusOwner: FocusHolder
2020-12-11 14:55:15.603 16266-28746/com.skt.eaa.assistant D/NUGUauto::NuguPhoneCallClient: getContext(): {
      "state": "IDLE"
    }
2020-12-11 14:55:15.604 16266-28752/com.skt.eaa.assistant D/FocusManager_Audio: [releaseChannelHelper] Channel(name=Dialog, priority=Priority(acquire=200, release=300)), TTS-0e49a85e1301e41921e5938ba5e527e5
2020-12-11 14:55:15.604 16266-28752/com.skt.eaa.assistant D/FocusManager_Audio: [removeActiveChannel] remove:ActiveChannel(channel=Channel(name=Dialog, priority=Priority(acquire=200, release=300)), activatedIndex=113)
2020-12-11 14:55:15.604 16266-28752/com.skt.eaa.assistant D/Channel: [setFocus] focus: NONE, State(name=Dialog, focusState=BACKGROUND, interfaceName=TTS-0e49a85e1301e41921e5938ba5e527e5)
2020-12-11 14:55:15.604 16266-28752/com.skt.eaa.assistant D/DefaultTTSAgent: [onFocusChanged] newFocus: NONE
2020-12-11 14:55:15.606 16266-22751/com.skt.eaa.assistant D/NUGUauto::PackageHelper: getForegroundPackageName()# foregroundPackageName : com.sec.android.app.launcher
2020-12-11 14:55:15.606 16266-28747/com.skt.eaa.assistant D/NUGUauto::VolumeControlAndroidImp: getLastAudibleStreamVolume : 10
2020-12-11 14:55:15.606 16266-28747/com.skt.eaa.assistant D/NUGUauto::SpeakerImpl: [getSpeakerSettings] speakerType:RINGTONE, stream:2, isMute = true, volume = 10
2020-12-11 14:55:15.607 16266-22816/com.skt.eaa.assistant E/NUGUauto::AutoRadioManager: getChannelInfo()# It's not automotive.
2020-12-11 14:55:15.607 16266-22751/com.skt.eaa.assistant D/NUGUauto::NuguConfigResourceManager: getAppCategory()# packageName: com.sec.android.app.launcher, appCategory: UNKNOWN
2020-12-11 14:55:15.612 16266-22282/com.skt.eaa.assistant D/NUGUauto::DebugLogManager: writeCachedLog() : java.io.FileNotFoundException: /storage/emulated/0/NUGUauto/2020-12-11_log.txt: open failed: ENOENT (No such file or directory)
2020-12-11 14:55:15.613 16266-22816/com.skt.eaa.assistant E/NUGUauto::AutoRadioManager: getPlayerActivity()# It's not automotive.
2020-12-11 14:55:15.613 16266-28747/com.skt.eaa.assistant D/NUGUauto::VolumeControlAndroidImp: getLastAudibleStreamVolume : 0
2020-12-11 14:55:15.613 16266-28747/com.skt.eaa.assistant D/NUGUauto::SpeakerImpl: [getSpeakerSettings] speakerType:NAVIGATION, stream:5, isMute = true, volume = 0
2020-12-11 14:55:15.615 16266-22816/com.skt.eaa.assistant D/NUGUauto::AutoRadioAgent: getRecentlyRadioChannelData()
2020-12-11 14:55:15.615 16266-22816/com.skt.eaa.assistant D/NUGUauto::DateTimeHelper: toDaysAsOfCurrentTime(): milliseconds must be more than 0 and less than current time
2020-12-11 14:55:15.616 16266-22282/com.skt.eaa.assistant D/NUGUauto::DebugLogManager: readLog() : java.io.FileNotFoundException: /storage/emulated/0/NUGUauto/2020-12-11_log.txt: open failed: ENOENT (No such file or directory)
2020-12-11 14:55:15.617 16266-16266/com.skt.eaa.assistant D/NUGUauto::NuguClientManager: directiveHandlingListener.onCompleted(
    header: {
      "dialogRequestId": "0e49a8501a015cef3d782d5a902dbe8f",
      "messageId": "0e49a85e1301e41921e5938ba5e527e5",
      "name": "Speak",
      "namespace": "TTS",
      "referrerDialogRequestId": "",
      "version": "1.0"
    }
    payload: {
      "playStackControl": {
        "type": "PUSH",
        "playServiceId": "nugu.builtin.auto.message"
      },
      "charge": "FREE",
      "format": "skml",
      "text": "<skml domain=\"im\" cate=\"NUGU_Message_2\" voice=\"aria\" speed=\"100\" pause1=\"600\" pause2=\"300\">누구에게 메시지를 보낼까요?</skml>",
      "playServiceId": "nugu.builtin.auto.message",
      "token": "2020121114d8538272ea61482fbd6dd87cb4e19ca2"
    })
2020-12-11 14:55:15.617 16266-16266/com.skt.eaa.assistant D/NUGUauto::NuguClientManager: directiveHandlingListener.onCompleted(
    header: {
      "dialogRequestId": "0e49a86764015cef3d782d5a43302ffc",
      "messageId": "0e49a8686b012bf0985276e8f463d20e",
      "name": "NoDirectives",
      "namespace": "System",
      "referrerDialogRequestId": "0e49a8501a015cef3d782d5a902dbe8f",
      "version": "1.0"
    }
    payload: {})
2020-12-11 14:55:15.618 16266-22282/com.skt.eaa.assistant D/NUGUauto::DebugLogManager: writeCachedLog() : java.io.FileNotFoundException: /storage/emulated/0/NUGUauto/2020-12-11_log.txt: open failed: ENOENT (No such file or directory)
2020-12-11 14:55:15.620 16266-22816/com.skt.eaa.assistant D/NUGUauto::AgentContextPacker: init : data = {"version":"1.0","playerActivity":"STOPPED","channel":null,"recentlyPlayedChannel":{"type":"","value":""},"supportFrequencyTypes":["FM"]}
2020-12-11 14:55:15.620 16266-22816/com.skt.eaa.assistant D/NUGUauto::BaseCapabilitylAgent: provideState()# [AutoRadio] end
2020-12-11 14:55:15.620 16266-22816/com.skt.eaa.assistant D/ContextManager: [setState] success - namespaceAndName: NamespaceAndName(namespace=client, name=wakeupWord), state: CachedStateContext(delegate=com.skt.nugu.sdk.core.interfaces.context.WakeupWordContextProvider$provideState$1@a93021f), refreshPolicy: ALWAYS, type: FULL, stateRequestToken: 68
2020-12-11 14:55:15.620 16266-22816/com.skt.eaa.assistant D/BatteryAgent: [provideState] namespaceAndName: NamespaceAndName(namespace=supportedInterfaces, name=Battery), contextType: FULL, stateRequestToken: 68
2020-12-11 14:55:15.620 16266-28747/com.skt.eaa.assistant D/NUGUauto::VolumeControlAndroidImp: getLastAudibleStreamVolume : 15
